../Core/Src/main.c:68:1:__io_putchar	16	static
../Core/Src/main.c:78:6:configCANFilters2	64	static
../Core/Src/main.c:153:6:configCANFilters	56	static
../Core/Src/main.c:181:6:HAL_CAN_RxFifo0MsgPendingCallback	144	static
../Core/Src/main.c:230:6:HAL_CAN_RxFifo1MsgPendingCallback	104	static
../Core/Src/main.c:255:5:main	120	static
../Core/Src/main.c:348:6:SystemClock_Config	88	static
../Core/Src/main.c:394:13:MX_CAN1_Init	8	static
../Core/Src/main.c:431:13:MX_USART1_UART_Init	8	static
../Core/Src/main.c:464:13:MX_GPIO_Init	32	static
../Core/Src/main.c:488:6:StartDefaultTask	1584	static
../Core/Src/main.c:601:6:Error_Handler	4	static,ignoring_inline_asm
