Archive member included to satisfy reference by file (symbol)

C:/ST/STM32CubeIDE_1.8.0/STM32CubeIDE/plugins/com.st.stm32cube.ide.mcu.externaltools.gnu-tools-for-stm32.11.3.rel1.win32_1.1.100.202309141235/tools/bin/../lib/gcc/arm-none-eabi/11.3.1/../../../../arm-none-eabi/lib/thumb/v7e-m+dp/hard\libc_nano.a(libc_a-atoi.o)
                              ./Middlewares/Third_Party/LwIP/src/core/netif.o (atoi)
C:/ST/STM32CubeIDE_1.8.0/STM32CubeIDE/plugins/com.st.stm32cube.ide.mcu.externaltools.gnu-tools-for-stm32.11.3.rel1.win32_1.1.100.202309141235/tools/bin/../lib/gcc/arm-none-eabi/11.3.1/../../../../arm-none-eabi/lib/thumb/v7e-m+dp/hard\libc_nano.a(libc_a-exit.o)
                              C:/ST/STM32CubeIDE_1.8.0/STM32CubeIDE/plugins/com.st.stm32cube.ide.mcu.externaltools.gnu-tools-for-stm32.11.3.rel1.win32_1.1.100.202309141235/tools/bin/../lib/gcc/arm-none-eabi/11.3.1/../../../../arm-none-eabi/lib/thumb/v7e-m+dp/hard/crt0.o (exit)
C:/ST/STM32CubeIDE_1.8.0/STM32CubeIDE/plugins/com.st.stm32cube.ide.mcu.externaltools.gnu-tools-for-stm32.11.3.rel1.win32_1.1.100.202309141235/tools/bin/../lib/gcc/arm-none-eabi/11.3.1/../../../../arm-none-eabi/lib/thumb/v7e-m+dp/hard\libc_nano.a(libc_a-rand.o)
                              ./Middlewares/Third_Party/LwIP/src/core/tcp.o (rand)
C:/ST/STM32CubeIDE_1.8.0/STM32CubeIDE/plugins/com.st.stm32cube.ide.mcu.externaltools.gnu-tools-for-stm32.11.3.rel1.win32_1.1.100.202309141235/tools/bin/../lib/gcc/arm-none-eabi/11.3.1/../../../../arm-none-eabi/lib/thumb/v7e-m+dp/hard\libc_nano.a(libc_a-strtol.o)
                              C:/ST/STM32CubeIDE_1.8.0/STM32CubeIDE/plugins/com.st.stm32cube.ide.mcu.externaltools.gnu-tools-for-stm32.11.3.rel1.win32_1.1.100.202309141235/tools/bin/../lib/gcc/arm-none-eabi/11.3.1/../../../../arm-none-eabi/lib/thumb/v7e-m+dp/hard\libc_nano.a(libc_a-atoi.o) (_strtol_r)
C:/ST/STM32CubeIDE_1.8.0/STM32CubeIDE/plugins/com.st.stm32cube.ide.mcu.externaltools.gnu-tools-for-stm32.11.3.rel1.win32_1.1.100.202309141235/tools/bin/../lib/gcc/arm-none-eabi/11.3.1/../../../../arm-none-eabi/lib/thumb/v7e-m+dp/hard\libc_nano.a(libc_a-ctype_.o)
                              ./Middlewares/Third_Party/LwIP/src/core/ipv4/ip4_addr.o (_ctype_)
C:/ST/STM32CubeIDE_1.8.0/STM32CubeIDE/plugins/com.st.stm32cube.ide.mcu.externaltools.gnu-tools-for-stm32.11.3.rel1.win32_1.1.100.202309141235/tools/bin/../lib/gcc/arm-none-eabi/11.3.1/../../../../arm-none-eabi/lib/thumb/v7e-m+dp/hard\libc_nano.a(libc_a-findfp.o)
                              ./Middlewares/Third_Party/FreeRTOS/Source/tasks.o (__sf)
C:/ST/STM32CubeIDE_1.8.0/STM32CubeIDE/plugins/com.st.stm32cube.ide.mcu.externaltools.gnu-tools-for-stm32.11.3.rel1.win32_1.1.100.202309141235/tools/bin/../lib/gcc/arm-none-eabi/11.3.1/../../../../arm-none-eabi/lib/thumb/v7e-m+dp/hard\libc_nano.a(libc_a-fwalk.o)
                              C:/ST/STM32CubeIDE_1.8.0/STM32CubeIDE/plugins/com.st.stm32cube.ide.mcu.externaltools.gnu-tools-for-stm32.11.3.rel1.win32_1.1.100.202309141235/tools/bin/../lib/gcc/arm-none-eabi/11.3.1/../../../../arm-none-eabi/lib/thumb/v7e-m+dp/hard\libc_nano.a(libc_a-findfp.o) (_fwalk_sglue)
C:/ST/STM32CubeIDE_1.8.0/STM32CubeIDE/plugins/com.st.stm32cube.ide.mcu.externaltools.gnu-tools-for-stm32.11.3.rel1.win32_1.1.100.202309141235/tools/bin/../lib/gcc/arm-none-eabi/11.3.1/../../../../arm-none-eabi/lib/thumb/v7e-m+dp/hard\libc_nano.a(libc_a-printf.o)
                              ./Core/Src/tcpclinet.o (printf)
C:/ST/STM32CubeIDE_1.8.0/STM32CubeIDE/plugins/com.st.stm32cube.ide.mcu.externaltools.gnu-tools-for-stm32.11.3.rel1.win32_1.1.100.202309141235/tools/bin/../lib/gcc/arm-none-eabi/11.3.1/../../../../arm-none-eabi/lib/thumb/v7e-m+dp/hard\libc_nano.a(libc_a-stdio.o)
                              C:/ST/STM32CubeIDE_1.8.0/STM32CubeIDE/plugins/com.st.stm32cube.ide.mcu.externaltools.gnu-tools-for-stm32.11.3.rel1.win32_1.1.100.202309141235/tools/bin/../lib/gcc/arm-none-eabi/11.3.1/../../../../arm-none-eabi/lib/thumb/v7e-m+dp/hard\libc_nano.a(libc_a-findfp.o) (__sread)
C:/ST/STM32CubeIDE_1.8.0/STM32CubeIDE/plugins/com.st.stm32cube.ide.mcu.externaltools.gnu-tools-for-stm32.11.3.rel1.win32_1.1.100.202309141235/tools/bin/../lib/gcc/arm-none-eabi/11.3.1/../../../../arm-none-eabi/lib/thumb/v7e-m+dp/hard\libc_nano.a(libc_a-memcmp.o)
                              ./Middlewares/Third_Party/LwIP/src/netif/bridgeif_fdb.o (memcmp)
C:/ST/STM32CubeIDE_1.8.0/STM32CubeIDE/plugins/com.st.stm32cube.ide.mcu.externaltools.gnu-tools-for-stm32.11.3.rel1.win32_1.1.100.202309141235/tools/bin/../lib/gcc/arm-none-eabi/11.3.1/../../../../arm-none-eabi/lib/thumb/v7e-m+dp/hard\libc_nano.a(libc_a-memmove.o)
                              ./Middlewares/Third_Party/LwIP/src/core/def.o (memmove)
C:/ST/STM32CubeIDE_1.8.0/STM32CubeIDE/plugins/com.st.stm32cube.ide.mcu.externaltools.gnu-tools-for-stm32.11.3.rel1.win32_1.1.100.202309141235/tools/bin/../lib/gcc/arm-none-eabi/11.3.1/../../../../arm-none-eabi/lib/thumb/v7e-m+dp/hard\libc_nano.a(libc_a-memset.o)
[...]
Memory Configuration

Name             Origin             Length             Attributes
RAM              0x0000000020000000 0x0000000000080000 xrw
FLASH            0x0000000008000000 0x0000000000200000 xr
*default*        0x0000000000000000 0xffffffffffffffff

Linker script and memory map

LOAD C:/ST/STM32CubeIDE_1.8.0/STM32CubeIDE/plugins/com.st.stm32cube.ide.mcu.externaltools.gnu-tools-for-stm32.11.3.rel1.win32_1.1.100.202309141235/tools/bin/../lib/gcc/arm-none-eabi/11.3.1/thumb/v7e-m+dp/hard/crti.o
LOAD C:/ST/STM32CubeIDE_1.8.0/STM32CubeIDE/plugins/com.st.stm32cube.ide.mcu.externaltools.gnu-tools-for-stm32.11.3.rel1.win32_1.1.100.202309141235/tools/bin/../lib/gcc/arm-none-eabi/11.3.1/thumb/v7e-m+dp/hard/crtbegin.o
LOAD C:/ST/STM32CubeIDE_1.8.0/STM32CubeIDE/plugins/com.st.stm32cube.ide.mcu.externaltools.gnu-tools-for-stm32.11.3.rel1.win32_1.1.100.202309141235/tools/bin/../lib/gcc/arm-none-eabi/11.3.1/../../../../arm-none-eabi/lib/thumb/v7e-m+dp/hard/crt0.o
LOAD ./Core/Src/freertos.o
LOAD ./Core/Src/main.o
LOAD ./Core/Src/stm32f7xx_hal_msp.o
LOAD ./Core/Src/stm32f7xx_hal_timebase_tim.o
LOAD ./Core/Src/stm32f7xx_it.o
LOAD ./Core/Src/syscalls.o
LOAD ./Core/Src/sysmem.o
LOAD ./Core/Src/system_stm32f7xx.o
LOAD ./Core/Src/tcpclinet.o
LOAD ./Core/Startup/startup_stm32f767zitx.o
LOAD ./Drivers/BSP/Components/lan8742/lan8742.o
LOAD ./Drivers/STM32F7xx_HAL_Driver/Src/stm32f7xx_hal.o
LOAD ./Drivers/STM32F7xx_HAL_Driver/Src/stm32f7xx_hal_cortex.o
LOAD ./Drivers/STM32F7xx_HAL_Driver/Src/stm32f7xx_hal_dma.o
LOAD ./Drivers/STM32F7xx_HAL_Driver/Src/stm32f7xx_hal_dma_ex.o
LOAD ./Drivers/STM32F7xx_HAL_Driver/Src/stm32f7xx_hal_eth.o
LOAD ./Drivers/STM32F7xx_HAL_Driver/Src/stm32f7xx_hal_exti.o
LOAD ./Drivers/STM32F7xx_HAL_Driver/Src/stm32f7xx_hal_flash.o
LOAD ./Drivers/STM32F7xx_HAL_Driver/Src/stm32f7xx_hal_flash_ex.o
LOAD ./Drivers/STM32F7xx_HAL_Driver/Src/stm32f7xx_hal_gpio.o
LOAD ./Drivers/STM32F7xx_HAL_Driver/Src/stm32f7xx_hal_i2c.o
LOAD ./Drivers/STM32F7xx_HAL_Driver/Src/stm32f7xx_hal_i2c_ex.o
LOAD ./Drivers/STM32F7xx_HAL_Driver/Src/stm32f7xx_hal_pcd.o
LOAD ./Drivers/STM32F7xx_HAL_Driver/Src/stm32f7xx_hal_pcd_ex.o
LOAD ./Drivers/STM32F7xx_HAL_Driver/Src/stm32f7xx_hal_pwr.o
LOAD ./Drivers/STM32F7xx_HAL_Driver/Src/stm32f7xx_hal_pwr_ex.o
LOAD ./Drivers/STM32F7xx_HAL_Driver/Src/stm32f7xx_hal_rcc.o
LOAD ./Drivers/STM32F7xx_HAL_Driver/Src/stm32f7xx_hal_rcc_ex.o
LOAD ./Drivers/STM32F7xx_HAL_Driver/Src/stm32f7xx_hal_tim.o
LOAD ./Drivers/STM32F7xx_HAL_Driver/Src/stm32f7xx_hal_tim_ex.o
LOAD ./Drivers/STM32F7xx_HAL_Driver/Src/stm32f7xx_hal_uart.o
LOAD ./Drivers/STM32F7xx_HAL_Driver/Src/stm32f7xx_hal_uart_ex.o
LOAD ./Drivers/STM32F7xx_HAL_Driver/Src/stm32f7xx_ll_usb.o
LOAD ./LWIP/App/lwip.o
LOAD ./LWIP/Target/ethernetif.o
LOAD ./Middlewares/Third_Party/FreeRTOS/Source/CMSIS_RTOS/cmsis_os.o
LOAD ./Middlewares/Third_Party/FreeRTOS/Source/croutine.o
LOAD ./Middlewares/Third_Party/FreeRTOS/Source/event_groups.o
LOAD ./Middlewares/Third_Party/FreeRTOS/Source/list.o
LOAD ./Middlewares/Third_Party/FreeRTOS/Source/queue.o
LOAD ./Middlewares/Third_Party/FreeRTOS/Source/stream_buffer.o
LOAD ./Middlewares/Third_Party/FreeRTOS/Source/tasks.o
LOAD ./Middlewares/Third_Party/FreeRTOS/Source/timers.o
LOAD ./Middlewares/Third_Party/FreeRTOS/Source/portable/GCC/ARM_CM7/r0p1/port.o
LOAD ./Middlewares/Third_Party/FreeRTOS/Source/portable/MemMang/heap_4.o
LOAD ./Middlewares/Third_Party/LwIP/src/api/api_lib.o
LOAD ./Middlewares/Third_Party/LwIP/src/api/api_msg.o
LOAD ./Middlewares/Third_Party/LwIP/src/api/err.o
LOAD ./Middlewares/Third_Party/LwIP/src/api/if_api.o
LOAD ./Middlewares/Third_Party/LwIP/src/api/netbuf.o
LOAD ./Middlewares/Third_Party/LwIP/src/api/netdb.o
LOAD ./Middlewares/Third_Party/LwIP/src/api/netifapi.o
LOAD ./Middlewares/Third_Party/LwIP/src/api/sockets.o
LOAD ./Middlewares/Third_Party/LwIP/src/api/tcpip.o
LOAD ./Middlewares/Third_Party/LwIP/src/apps/mqtt/mqtt.o
LOAD ./Middlewares/Third_Party/LwIP/src/core/altcp.o
LOAD ./Middlewares/Third_Party/LwIP/src/core/altcp_alloc.o
LOAD ./Middlewares/Third_Party/LwIP/src/core/altcp_tcp.o
LOAD ./Middlewares/Third_Party/LwIP/src/core/def.o
LOAD ./Middlewares/Third_Party/LwIP/src/core/dns.o
LOAD ./Middlewares/Third_Party/LwIP/src/core/inet_chksum.o
LOAD ./Middlewares/Third_Party/LwIP/src/core/init.o
LOAD ./Middlewares/Third_Party/LwIP/src/core/ip.o
LOAD ./Middlewares/Third_Party/LwIP/src/core/mem.o
LOAD ./Middlewares/Third_Party/LwIP/src/core/memp.o
LOAD ./Middlewares/Third_Party/LwIP/src/core/netif.o
LOAD ./Middlewares/Third_Party/LwIP/src/core/pbuf.o
LOAD ./Middlewares/Third_Party/LwIP/src/core/raw.o
LOAD ./Middlewares/Third_Party/LwIP/src/core/stats.o
LOAD ./Middlewares/Third_Party/LwIP/src/core/sys.o
LOAD ./Middlewares/Third_Party/LwIP/src/core/tcp.o
LOAD ./Middlewares/Third_Party/LwIP/src/core/tcp_in.o
LOAD ./Middlewares/Third_Party/LwIP/src/core/tcp_out.o
LOAD ./Middlewares/Third_Party/LwIP/src/core/timeouts.o
LOAD ./Middlewares/Third_Party/LwIP/src/core/udp.o
LOAD ./Middlewares/Third_Party/LwIP/src/core/ipv4/autoip.o
LOAD ./Middlewares/Third_Party/LwIP/src/core/ipv4/dhcp.o
LOAD ./Middlewares/Third_Party/LwIP/src/core/ipv4/etharp.o
LOAD ./Middlewares/Third_Party/LwIP/src/core/ipv4/icmp.o
LOAD ./Middlewares/Third_Party/LwIP/src/core/ipv4/igmp.o
LOAD ./Middlewares/Third_Party/LwIP/src/core/ipv4/ip4.o
LOAD ./Middlewares/Third_Party/LwIP/src/core/ipv4/ip4_addr.o
LOAD ./Middlewares/Third_Party/LwIP/src/core/ipv4/ip4_frag.o
LOAD ./Middlewares/Third_Party/LwIP/src/core/ipv6/dhcp6.o
LOAD ./Middlewares/Third_Party/LwIP/src/core/ipv6/ethip6.o
LOAD ./Middlewares/Third_Party/LwIP/src/core/ipv6/icmp6.o
LOAD ./Middlewares/Third_Party/LwIP/src/core/ipv6/inet6.o
LOAD ./Middlewares/Third_Party/LwIP/src/core/ipv6/ip6.o
LOAD ./Middlewares/Third_Party/LwIP/src/core/ipv6/ip6_addr.o
LOAD ./Middlewares/Third_Party/LwIP/src/core/ipv6/ip6_frag.o
LOAD ./Middlewares/Third_Party/LwIP/src/core/ipv6/mld6.o
LOAD ./Middlewares/Third_Party/LwIP/src/core/ipv6/nd6.o
LOAD ./Middlewares/Third_Party/LwIP/src/netif/bridgeif.o
LOAD ./Middlewares/Third_Party/LwIP/src/netif/bridgeif_fdb.o
LOAD ./Middlewares/Third_Party/LwIP/src/netif/ethernet.o
LOAD ./Middlewares/Third_Party/LwIP/src/netif/lowpan6.o
LOAD ./Middlewares/Third_Party/LwIP/src/netif/lowpan6_ble.o
LOAD ./Middlewares/Third_Party/LwIP/src/netif/lowpan6_common.o
LOAD ./Middlewares/Third_Party/LwIP/src/netif/slipif.o
LOAD ./Middlewares/Third_Party/LwIP/src/netif/zepif.o
LOAD ./Middlewares/Third_Party/LwIP/src/netif/ppp/auth.o
LOAD ./Middlewares/Third_Party/LwIP/src/netif/ppp/ccp.o
LOAD ./Middlewares/Third_Party/LwIP/src/netif/ppp/chap-md5.o
LOAD ./Middlewares/Third_Party/LwIP/src/netif/ppp/chap-new.o
LOAD ./Middlewares/Third_Party/LwIP/src/netif/ppp/chap_ms.o
LOAD ./Middlewares/Third_Party/LwIP/src/netif/ppp/demand.o
LOAD ./Middlewares/Third_Party/LwIP/src/netif/ppp/eap.o
LOAD ./Middlewares/Third_Party/LwIP/src/netif/ppp/ecp.o
LOAD ./Middlewares/Third_Party/LwIP/src/netif/ppp/eui64.o
LOAD ./Middlewares/Third_Party/LwIP/src/netif/ppp/fsm.o
LOAD ./Middlewares/Third_Party/LwIP/src/netif/ppp/ipcp.o
LOAD ./Middlewares/Third_Party/LwIP/src/netif/ppp/ipv6cp.o
LOAD ./Middlewares/Third_Party/LwIP/src/netif/ppp/lcp.o
LOAD ./Middlewares/Third_Party/LwIP/src/netif/ppp/magic.o
LOAD ./Middlewares/Third_Party/LwIP/src/netif/ppp/mppe.o
LOAD ./Middlewares/Third_Party/LwIP/src/netif/ppp/multilink.o
LOAD ./Middlewares/Third_Party/LwIP/src/netif/ppp/ppp.o
LOAD ./Middlewares/Third_Party/LwIP/src/netif/ppp/pppapi.o
LOAD ./Middlewares/Third_Party/LwIP/src/netif/ppp/pppcrypt.o
LOAD ./Middlewares/Third_Party/LwIP/src/netif/ppp/pppoe.o
LOAD ./Middlewares/Third_Party/LwIP/src/netif/ppp/pppol2tp.o
LOAD ./Middlewares/Third_Party/LwIP/src/netif/ppp/pppos.o
LOAD ./Middlewares/Third_Party/LwIP/src/netif/ppp/upap.o
LOAD ./Middlewares/Third_Party/LwIP/src/netif/ppp/utils.o
LOAD ./Middlewares/Third_Party/LwIP/src/netif/ppp/vj.o
LOAD ./Middlewares/Third_Party/LwIP/system/OS/sys_arch.o
START GROUP
LOAD C:/ST/STM32CubeIDE_1.8.0/STM32CubeIDE/plugins/com.st.stm32cube.ide.mcu.externaltools.gnu-tools-for-stm32.11.3.rel1.win32_1.1.100.202309141235/tools/bin/../lib/gcc/arm-none-eabi/11.3.1/../../../../arm-none-eabi/lib/thumb/v7e-m+dp/hard\libc_nano.a
LOAD C:/ST/STM32CubeIDE_1.8.0/STM32CubeIDE/plugins/com.st.stm32cube.ide.mcu.externaltools.gnu-tools-for-stm32.11.3.rel1.win32_1.1.100.202309141235/tools/bin/../lib/gcc/arm-none-eabi/11.3.1/../../../../arm-none-eabi/lib/thumb/v7e-m+dp/hard\libm.a
END GROUP
START GROUP
LOAD C:/ST/STM32CubeIDE_1.8.0/STM32CubeIDE/plugins/com.st.stm32cube.ide.mcu.externaltools.gnu-tools-for-stm32.11.3.rel1.win32_1.1.100.202309141235/tools/bin/../lib/gcc/arm-none-eabi/11.3.1/thumb/v7e-m+dp/hard\libgcc.a
LOAD C:/ST/STM32CubeIDE_1.8.0/STM32CubeIDE/plugins/com.st.stm32cube.ide.mcu.externaltools.gnu-tools-for-stm32.11.3.rel1.win32_1.1.100.202309141235/tools/bin/../lib/gcc/arm-none-eabi/11.3.1/../../../../arm-none-eabi/lib/thumb/v7e-m+dp/hard\libc_nano.a
END GROUP
START GROUP
LOAD C:/ST/STM32CubeIDE_1.8.0/STM32CubeIDE/plugins/com.st.stm32cube.ide.mcu.externaltools.gnu-tools-for-stm32.11.3.rel1.win32_1.1.100.202309141235/tools/bin/../lib/gcc/arm-none-eabi/11.3.1/thumb/v7e-m+dp/hard\libgcc.a
LOAD C:/ST/STM32CubeIDE_1.8.0/STM32CubeIDE/plugins/com.st.stm32cube.ide.mcu.externaltools.gnu-tools-for-stm32.11.3.rel1.win32_1.1.100.202309141235/tools/bin/../lib/gcc/arm-none-eabi/11.3.1/../../../../arm-none-eabi/lib/thumb/v7e-m+dp/hard\libc_nano.a
LOAD C:/ST/STM32CubeIDE_1.8.0/STM32CubeIDE/plugins/com.st.stm32cube.ide.mcu.externaltools.gnu-tools-for-stm32.11.3.rel1.win32_1.1.100.202309141235/tools/bin/../lib/gcc/arm-none-eabi/11.3.1/../../../../arm-none-eabi/lib/thumb/v7e-m+dp/hard\libnosys.a
END GROUP
START GROUP
LOAD C:/ST/STM32CubeIDE_1.8.0/STM32CubeIDE/plugins/com.st.stm32cube.ide.mcu.externaltools.gnu-tools-for-stm32.11.3.rel1.win32_1.1.100.202309141235/tools/bin/../lib/gcc/arm-none-eabi/11.3.1/thumb/v7e-m+dp/hard\libgcc.a
LOAD C:/ST/STM32CubeIDE_1.8.0/STM32CubeIDE/plugins/com.st.stm32cube.ide.mcu.externaltools.gnu-tools-for-stm32.11.3.rel1.win32_1.1.100.202309141235/tools/bin/../lib/gcc/arm-none-eabi/11.3.1/../../../../arm-none-eabi/lib/thumb/v7e-m+dp/hard\libc_nano.a
LOAD C:/ST/STM32CubeIDE_1.8.0/STM32CubeIDE/plugins/com.st.stm32cube.ide.mcu.externaltools.gnu-tools-for-stm32.11.3.rel1.win32_1.1.100.202309141235/tools/bin/../lib/gcc/arm-none-eabi/11.3.1/../../../../arm-none-eabi/lib/thumb/v7e-m+dp/hard\libnosys.a
END GROUP
LOAD C:/ST/STM32CubeIDE_1.8.0/STM32CubeIDE/plugins/com.st.stm32cube.ide.mcu.externaltools.gnu-tools-for-stm32.11.3.rel1.win32_1.1.100.202309141235/tools/bin/../lib/gcc/arm-none-eabi/11.3.1/thumb/v7e-m+dp/hard/crtend.o
LOAD C:/ST/STM32CubeIDE_1.8.0/STM32CubeIDE/plugins/com.st.stm32cube.ide.mcu.externaltools.gnu-tools-for-stm32.11.3.rel1.win32_1.1.100.202309141235/tools/bin/../lib/gcc/arm-none-eabi/11.3.1/thumb/v7e-m+dp/hard/crtn.o
                0x0000000020080000                _estack = (ORIGIN (RAM) + LENGTH (RAM))
                0x0000000000000200                _Min_Heap_Size = 0x200
                0x0000000000000400                _Min_Stack_Size = 0x400

.isr_vector     0x0000000008000000      0x1f8
                0x0000000008000000                . = ALIGN (0x4)
 *(.isr_vector)
 .isr_vector    0x0000000008000000      0x1f8 ./Core/Startup/startup_stm32f767zitx.o
                0x0000000008000000                g_pfnVectors
                0x00000000080001f8                . = ALIGN (0x4)

.text           0x0000000008000200     0xeba0
                0x0000000008000200                . = ALIGN (0x4)
 *(.text)
 .text          0x0000000008000200       0x40 C:/ST/STM32CubeIDE_1.8.0/STM32CubeIDE/plugins/com.st.stm32cube.ide.mcu.externaltools.gnu-tools-for-stm32.11.3.rel1.win32_1.1.100.202309141235/tools/bin/../lib/gcc/arm-none-eabi/11.3.1/thumb/v7e-m+dp/hard/crtbegin.o
 .text          0x0000000008000240       0x10 C:/ST/STM32CubeIDE_1.8.0/STM32CubeIDE/plugins/com.st.stm32cube.ide.mcu.externaltools.gnu-tools-for-stm32.11.3.rel1.win32_1.1.100.202309141235/tools/bin/../lib/gcc/arm-none-eabi/11.3.1/../../../../arm-none-eabi/lib/thumb/v7e-m+dp/hard\libc_nano.a(libc_a-strlen.o)
                0x0000000008000240                strlen
 .text          0x0000000008000250       0xa0 C:/ST/STM32CubeIDE_1.8.0/STM32CubeIDE/plugins/com.st.stm32cube.ide.mcu.externaltools.gnu-tools-for-stm32.11.3.rel1.win32_1.1.100.202309141235/tools/bin/../lib/gcc/arm-none-eabi/11.3.1/../../../../arm-none-eabi/lib/thumb/v7e-m+dp/hard\libc_nano.a(libc_a-memchr.o)
                0x0000000008000250                memchr
 .text          0x00000000080002f0       0x30 C:/ST/STM32CubeIDE_1.8.0/STM32CubeIDE/plugins/com.st.stm32cube.ide.mcu.externaltools.gnu-tools-for-stm32.11.3.rel1.win32_1.1.100.202309141235/tools/bin/../lib/gcc/arm-none-eabi/11.3.1/thumb/v7e-m+dp/hard\libgcc.a(_aeabi_uldivmod.o)
                0x00000000080002f0                __aeabi_uldivmod
 .text          0x0000000008000320      0x2c8 C:/ST/STM32CubeIDE_1.8.0/STM32CubeIDE/plugins/com.st.stm32cube.ide.mcu.externaltools.gnu-tools-for-stm32.11.3.rel1.win32_1.1.100.202309141235/tools/bin/../lib/gcc/arm-none-eabi/11.3.1/thumb/v7e-m+dp/hard\libgcc.a(_udivmoddi4.o)
                0x0000000008000320                __udivmoddi4
 .text          0x00000000080005e8        0x4 C:/ST/STM32CubeIDE_1.8.0/STM32CubeIDE/plugins/com.st.stm32cube.ide.mcu.externaltools.gnu-tools-for-stm32.11.3.rel1.win32_1.1.100.202309141235/tools/bin/../lib/gcc/arm-none-eabi/11.3.1/thumb/v7e-m+dp/hard\libgcc.a(_dvmd_tls.o)
                0x00000000080005e8                __aeabi_idiv0
                0x00000000080005e8                __aeabi_ldiv0
 *(.text*)
 .text.vApplicationGetIdleTaskMemory
                0x00000000080005ec       0x18 ./Core/Src/freertos.o
                0x00000000080005ec                vApplicationGetIdleTaskMemory
 .text.StartDefaultTask
                0x0000000008000604       0x3c ./Core/Src/main.o
                0x0000000008000604                StartDefaultTask
 .text.__io_putchar
                0x0000000008000640       0x20 ./Core/Src/main.o
                0x0000000008000640                __io_putchar
 .text.SystemClock_Config
                0x0000000008000660       0xac ./Core/Src/main.o
                0x0000000008000660                SystemClock_Config
 .text.startup.main
                0x000000000800070c      0x1a0 ./Core/Src/main.o
                0x000000000800070c                main
 .text.HAL_TIM_PeriodElapsedCallback
                0x00000000080008ac       0x14 ./Core/Src/main.o
                0x00000000080008ac                HAL_TIM_PeriodElapsedCallback
 .text.Error_Handler
                0x00000000080008c0        0x4 ./Core/Src/main.o
                0x00000000080008c0                Error_Handler
 .text.HAL_MspInit
                0x00000000080008c4       0x3c ./Core/Src/stm32f7xx_hal_msp.o
                0x00000000080008c4                HAL_MspInit
 .text.HAL_UART_MspInit
                0x0000000008000900       0x88 ./Core/Src/stm32f7xx_hal_msp.o
                0x0000000008000900                HAL_UART_MspInit
 .text.HAL_PCD_MspInit
                0x0000000008000988       0xa8 ./Core/Src/stm32f7xx_hal_msp.o
                0x0000000008000988                HAL_PCD_MspInit
 .text.HAL_InitTick
                0x0000000008000a30       0x90 ./Core/Src/stm32f7xx_hal_timebase_tim.o
                0x0000000008000a30                HAL_InitTick
 .text.NMI_Handler
                0x0000000008000ac0        0x2 ./Core/Src/stm32f7xx_it.o
                0x0000000008000ac0                NMI_Handler
 .text.HardFault_Handler
                0x0000000008000ac2        0x2 ./Core/Src/stm32f7xx_it.o
                0x0000000008000ac2                HardFault_Handler
 .text.MemManage_Handler
                0x0000000008000ac4        0x2 ./Core/Src/stm32f7xx_it.o
                0x0000000008000ac4                MemManage_Handler
 .text.BusFault_Handler
                0x0000000008000ac6        0x2 ./Core/Src/stm32f7xx_it.o
                0x0000000008000ac6                BusFault_Handler
 .text.UsageFault_Handler
                0x0000000008000ac8        0x2 ./Core/Src/stm32f7xx_it.o
                0x0000000008000ac8                UsageFault_Handler
 .text.DebugMon_Handler
                0x0000000008000aca        0x2 ./Core/Src/stm32f7xx_it.o
                0x0000000008000aca                DebugMon_Handler
 .text.TIM1_UP_TIM10_IRQHandler
                0x0000000008000acc        0xc ./Core/Src/stm32f7xx_it.o
                0x0000000008000acc                TIM1_UP_TIM10_IRQHandler
 .text.ETH_IRQHandler
                0x0000000008000ad8        0xc ./Core/Src/stm32f7xx_it.o
                0x0000000008000ad8                ETH_IRQHandler
 .text.ETH_WKUP_IRQHandler
                0x0000000008000ae4        0x4 ./Core/Src/stm32f7xx_it.o
                0x0000000008000ae4                ETH_WKUP_IRQHandler
 .text._getpid  0x0000000008000ae8        0x4 ./Core/Src/syscalls.o
                0x0000000008000ae8                _getpid
 .text._kill    0x0000000008000aec       0x10 ./Core/Src/syscalls.o
                0x0000000008000aec                _kill
 .text._exit    0x0000000008000afc        0xc ./Core/Src/syscalls.o
                0x0000000008000afc                _exit
 .text._read    0x0000000008000b08       0x1c ./Core/Src/syscalls.o
                0x0000000008000b08                _read
 .text._write   0x0000000008000b24       0x1c ./Core/Src/syscalls.o
                0x0000000008000b24                _write
 .text._close   0x0000000008000b40        0x6 ./Core/Src/syscalls.o
                0x0000000008000b40                _close
 .text._fstat   0x0000000008000b46        0xa ./Core/Src/syscalls.o
                0x0000000008000b46                _fstat
 .text._isatty  0x0000000008000b50        0x4 ./Core/Src/syscalls.o
                0x0000000008000b50                _isatty
 .text._lseek   0x0000000008000b54        0x4 ./Core/Src/syscalls.o
                0x0000000008000b54                _lseek
 .text._sbrk    0x0000000008000b58       0x40 ./Core/Src/sysmem.o
                0x0000000008000b58                _sbrk
 .text.SystemInit
                0x0000000008000b98       0x14 ./Core/Src/system_stm32f7xx.o
                0x0000000008000b98                SystemInit
 .text.create_tcp_client
                0x0000000008000bac       0x68 ./Core/Src/tcpclinet.o
                0x0000000008000bac                create_tcp_client
 .text.tcp_client_send
                0x0000000008000c14       0x1e ./Core/Src/tcpclinet.o
                0x0000000008000c14                tcp_client_send
 *fill*         0x0000000008000c32        0x2 
 .text.Reset_Handler
                0x0000000008000c34       0x50 ./Core/Startup/startup_stm32f767zitx.o
                0x0000000008000c34                Reset_Handler
 .text.Default_Handler
                0x0000000008000c84        0x2 ./Core/Startup/startup_stm32f767zitx.o
                0x0000000008000c84                RTC_Alarm_IRQHandler
                0x0000000008000c84                EXTI2_IRQHandler
                0x0000000008000c84                TIM8_CC_IRQHandler
                0x0000000008000c84                UART8_IRQHandler
                0x0000000008000c84                SPI4_IRQHandler
                0x0000000008000c84                TIM1_CC_IRQHandler
                0x0000000008000c84                DMA2_Stream5_IRQHandler
                0x0000000008000c84                JPEG_IRQHandler
                0x0000000008000c84                DMA1_Stream5_IRQHandler
                0x0000000008000c84                CAN3_RX1_IRQHandler
                0x0000000008000c84                PVD_IRQHandler
                0x0000000008000c84                TAMP_STAMP_IRQHandler
                0x0000000008000c84                CAN2_RX1_IRQHandler
                0x0000000008000c84                EXTI3_IRQHandler
                0x0000000008000c84                TIM8_TRG_COM_TIM14_IRQHandler
                0x0000000008000c84                DFSDM1_FLT1_IRQHandler
                0x0000000008000c84                TIM8_UP_TIM13_IRQHandler
                0x0000000008000c84                I2C3_ER_IRQHandler
                0x0000000008000c84                DFSDM1_FLT2_IRQHandler
                0x0000000008000c84                EXTI0_IRQHandler
                0x0000000008000c84                I2C2_EV_IRQHandler
                0x0000000008000c84                DMA1_Stream2_IRQHandler
                0x0000000008000c84                CAN1_RX0_IRQHandler
                0x0000000008000c84                FPU_IRQHandler
                0x0000000008000c84                OTG_HS_WKUP_IRQHandler
                0x0000000008000c84                CAN3_SCE_IRQHandler
                0x0000000008000c84                LTDC_ER_IRQHandler
                0x0000000008000c84                CAN2_SCE_IRQHandler
                0x0000000008000c84                DMA2_Stream2_IRQHandler
                0x0000000008000c84                SPI1_IRQHandler
                0x0000000008000c84                TIM6_DAC_IRQHandler
                0x0000000008000c84                TIM1_BRK_TIM9_IRQHandler
                0x0000000008000c84                DCMI_IRQHandler
                0x0000000008000c84                CAN2_RX0_IRQHandler
                0x0000000008000c84                DMA2_Stream3_IRQHandler
                0x0000000008000c84                SAI2_IRQHandler
                0x0000000008000c84                DFSDM1_FLT3_IRQHandler
                0x0000000008000c84                USART6_IRQHandler
                0x0000000008000c84                CAN3_RX0_IRQHandler
                0x0000000008000c84                USART3_IRQHandler
                0x0000000008000c84                CAN1_RX1_IRQHandler
                0x0000000008000c84                UART5_IRQHandler
                0x0000000008000c84                DMA2_Stream0_IRQHandler
                0x0000000008000c84                TIM4_IRQHandler
                0x0000000008000c84                QUADSPI_IRQHandler
                0x0000000008000c84                I2C1_EV_IRQHandler
                0x0000000008000c84                DMA1_Stream6_IRQHandler
                0x0000000008000c84                DMA1_Stream1_IRQHandler
                0x0000000008000c84                UART4_IRQHandler
                0x0000000008000c84                TIM3_IRQHandler
                0x0000000008000c84                RCC_IRQHandler
                0x0000000008000c84                TIM8_BRK_TIM12_IRQHandler
                0x0000000008000c84                Default_Handler
                0x0000000008000c84                CEC_IRQHandler
                0x0000000008000c84                EXTI15_10_IRQHandler
                0x0000000008000c84                ADC_IRQHandler
                0x0000000008000c84                DMA1_Stream7_IRQHandler
                0x0000000008000c84                SPI5_IRQHandler
                0x0000000008000c84                TIM7_IRQHandler
                0x0000000008000c84                SDMMC1_IRQHandler
                0x0000000008000c84                CAN2_TX_IRQHandler
                0x0000000008000c84                TIM5_IRQHandler
                0x0000000008000c84                DMA2_Stream7_IRQHandler
                0x0000000008000c84                I2C3_EV_IRQHandler
                0x0000000008000c84                EXTI9_5_IRQHandler
                0x0000000008000c84                RTC_WKUP_IRQHandler
                0x0000000008000c84                LTDC_IRQHandler
                0x0000000008000c84                SPDIF_RX_IRQHandler
                0x0000000008000c84                SPI2_IRQHandler
                0x0000000008000c84                OTG_HS_EP1_IN_IRQHandler
                0x0000000008000c84                DMA1_Stream0_IRQHandler
                0x0000000008000c84                CAN1_TX_IRQHandler
                0x0000000008000c84                EXTI4_IRQHandler
                0x0000000008000c84                RNG_IRQHandler
                0x0000000008000c84                OTG_HS_EP1_OUT_IRQHandler
                0x0000000008000c84                WWDG_IRQHandler
                0x0000000008000c84                SPI6_IRQHandler
                0x0000000008000c84                MDIOS_IRQHandler
                0x0000000008000c84                I2C4_EV_IRQHandler
                0x0000000008000c84                CAN3_TX_IRQHandler
                0x0000000008000c84                TIM2_IRQHandler
                0x0000000008000c84                OTG_FS_WKUP_IRQHandler
                0x0000000008000c84                TIM1_TRG_COM_TIM11_IRQHandler
                0x0000000008000c84                OTG_HS_IRQHandler
                0x0000000008000c84                DMA2D_IRQHandler
                0x0000000008000c84                EXTI1_IRQHandler
                0x0000000008000c84                SDMMC2_IRQHandler
                0x0000000008000c84                UART7_IRQHandler
                0x0000000008000c84                USART2_IRQHandler
                0x0000000008000c84                DFSDM1_FLT0_IRQHandler
                0x0000000008000c84                I2C2_ER_IRQHandler
                0x0000000008000c84                DMA2_Stream1_IRQHandler
                0x0000000008000c84                CAN1_SCE_IRQHandler
                0x0000000008000c84                FLASH_IRQHandler
                0x0000000008000c84                DMA2_Stream4_IRQHandler
                0x0000000008000c84                USART1_IRQHandler
                0x0000000008000c84                OTG_FS_IRQHandler
                0x0000000008000c84                SPI3_IRQHandler
                0x0000000008000c84                DMA1_Stream4_IRQHandler
                0x0000000008000c84                I2C1_ER_IRQHandler
                0x0000000008000c84                FMC_IRQHandler
                0x0000000008000c84                LPTIM1_IRQHandler
                0x0000000008000c84                I2C4_ER_IRQHandler
                0x0000000008000c84                DMA2_Stream6_IRQHandler
                0x0000000008000c84                SAI1_IRQHandler
                0x0000000008000c84                DMA1_Stream3_IRQHandler
 .text.LAN8742_RegisterBusIO
                0x0000000008000c86       0x28 ./Drivers/BSP/Components/lan8742/lan8742.o
                0x0000000008000c86                LAN8742_RegisterBusIO
 .text.LAN8742_Init
                0x0000000008000cae       0xc2 ./Drivers/BSP/Components/lan8742/lan8742.o
                0x0000000008000cae                LAN8742_Init
 .text.LAN8742_GetLinkState
                0x0000000008000d70       0x94 ./Drivers/BSP/Components/lan8742/lan8742.o
                0x0000000008000d70                LAN8742_GetLinkState
 .text.HAL_Init
                0x0000000008000e04       0x16 ./Drivers/STM32F7xx_HAL_Driver/Src/stm32f7xx_hal.o
                0x0000000008000e04                HAL_Init
 *fill*         0x0000000008000e1a        0x2 
 .text.HAL_IncTick
                0x0000000008000e1c       0x18 ./Drivers/STM32F7xx_HAL_Driver/Src/stm32f7xx_hal.o
                0x0000000008000e1c                HAL_IncTick
 .text.HAL_GetTick
                0x0000000008000e34        0xc ./Drivers/STM32F7xx_HAL_Driver/Src/stm32f7xx_hal.o
                0x0000000008000e34                HAL_GetTick
 .text.HAL_Delay
                0x0000000008000e40       0x24 ./Drivers/STM32F7xx_HAL_Driver/Src/stm32f7xx_hal.o
                0x0000000008000e40                HAL_Delay
 .text.HAL_NVIC_SetPriorityGrouping
                0x0000000008000e64       0x24 ./Drivers/STM32F7xx_HAL_Driver/Src/stm32f7xx_hal_cortex.o
                0x0000000008000e64                HAL_NVIC_SetPriorityGrouping
 .text.HAL_NVIC_SetPriority
                0x0000000008000e88       0x64 ./Drivers/STM32F7xx_HAL_Driver/Src/stm32f7xx_hal_cortex.o
                0x0000000008000e88                HAL_NVIC_SetPriority
 .text.HAL_NVIC_EnableIRQ
                0x0000000008000eec       0x1c ./Drivers/STM32F7xx_HAL_Driver/Src/stm32f7xx_hal_cortex.o
                0x0000000008000eec                HAL_NVIC_EnableIRQ
 .text.ETH_Prepare_Tx_Descriptors
                0x0000000008000f08      0x150 ./Drivers/STM32F7xx_HAL_Driver/Src/stm32f7xx_hal_eth.o
 .text.ETH_SetMACConfig
                0x0000000008001058       0xe4 ./Drivers/STM32F7xx_HAL_Driver/Src/stm32f7xx_hal_eth.o
 .text.ETH_SetDMAConfig
                0x000000000800113c       0xa4 ./Drivers/STM32F7xx_HAL_Driver/Src/stm32f7xx_hal_eth.o
 .text.ETH_FlushTransmitFIFO
                0x00000000080011e0       0x2e ./Drivers/STM32F7xx_HAL_Driver/Src/stm32f7xx_hal_eth.o
 *fill*         0x000000000800120e        0x2 
 .text.ETH_UpdateDescriptor
                0x0000000008001210       0x90 ./Drivers/STM32F7xx_HAL_Driver/Src/stm32f7xx_hal_eth.o
 .text.HAL_ETH_Init
                0x00000000080012a0      0x1d4 ./Drivers/STM32F7xx_HAL_Driver/Src/stm32f7xx_hal_eth.o
                0x00000000080012a0                HAL_ETH_Init
 .text.HAL_ETH_Start
                0x0000000008001474       0x6c ./Drivers/STM32F7xx_HAL_Driver/Src/stm32f7xx_hal_eth.o
                0x0000000008001474                HAL_ETH_Start
 .text.HAL_ETH_Start_IT
                0x00000000080014e0       0xa2 ./Drivers/STM32F7xx_HAL_Driver/Src/stm32f7xx_hal_eth.o
                0x00000000080014e0                HAL_ETH_Start_IT
 .text.HAL_ETH_Stop_IT
                0x0000000008001582       0x8a ./Drivers/STM32F7xx_HAL_Driver/Src/stm32f7xx_hal_eth.o
                0x0000000008001582                HAL_ETH_Stop_IT
 .text.HAL_ETH_Transmit_IT
                0x000000000800160c       0x64 ./Drivers/STM32F7xx_HAL_Driver/Src/stm32f7xx_hal_eth.o
                0x000000000800160c                HAL_ETH_Transmit_IT
 .text.HAL_ETH_ReadData
                0x0000000008001670       0xf8 ./Drivers/STM32F7xx_HAL_Driver/Src/stm32f7xx_hal_eth.o
                0x0000000008001670                HAL_ETH_ReadData
 .text.HAL_ETH_ReleaseTxPacket
                0x0000000008001768       0x56 ./Drivers/STM32F7xx_HAL_Driver/Src/stm32f7xx_hal_eth.o
                0x0000000008001768                HAL_ETH_ReleaseTxPacket
 .text.HAL_ETH_PMTCallback
                0x00000000080017be        0x2 ./Drivers/STM32F7xx_HAL_Driver/Src/stm32f7xx_hal_eth.o
                0x00000000080017be                HAL_ETH_PMTCallback
 .text.HAL_ETH_WakeUpCallback
                0x00000000080017c0        0x2 ./Drivers/STM32F7xx_HAL_Driver/Src/stm32f7xx_hal_eth.o
                0x00000000080017c0                HAL_ETH_WakeUpCallback
 *fill*         0x00000000080017c2        0x2 
 .text.HAL_ETH_IRQHandler
                0x00000000080017c4       0xd8 ./Drivers/STM32F7xx_HAL_Driver/Src/stm32f7xx_hal_eth.o
                0x00000000080017c4                HAL_ETH_IRQHandler
 .text.HAL_ETH_ReadPHYRegister
                0x000000000800189c       0x50 ./Drivers/STM32F7xx_HAL_Driver/Src/stm32f7xx_hal_eth.o
                0x000000000800189c                HAL_ETH_ReadPHYRegister
 .text.HAL_ETH_WritePHYRegister
                0x00000000080018ec       0x4a ./Drivers/STM32F7xx_HAL_Driver/Src/stm32f7xx_hal_eth.o
                0x00000000080018ec                HAL_ETH_WritePHYRegister
 .text.HAL_ETH_GetMACConfig
                0x0000000008001936       0xc4 ./Drivers/STM32F7xx_HAL_Driver/Src/stm32f7xx_hal_eth.o
                0x0000000008001936                HAL_ETH_GetMACConfig
 .text.HAL_ETH_SetMACConfig
                0x00000000080019fa       0x18 ./Drivers/STM32F7xx_HAL_Driver/Src/stm32f7xx_hal_eth.o
                0x00000000080019fa                HAL_ETH_SetMACConfig
 *fill*         0x0000000008001a12        0x2 
 .text.HAL_ETH_SetMDIOClockRange
                0x0000000008001a14       0x74 ./Drivers/STM32F7xx_HAL_Driver/Src/stm32f7xx_hal_eth.o
                0x0000000008001a14                HAL_ETH_SetMDIOClockRange
 .text.HAL_ETH_GetDMAError
                0x0000000008001a88        0x6 ./Drivers/STM32F7xx_HAL_Driver/Src/stm32f7xx_hal_eth.o
                0x0000000008001a88                HAL_ETH_GetDMAError
 *fill*         0x0000000008001a8e        0x2 
 .text.HAL_GPIO_Init
                0x0000000008001a90      0x1c4 ./Drivers/STM32F7xx_HAL_Driver/Src/stm32f7xx_hal_gpio.o
                0x0000000008001a90                HAL_GPIO_Init
 .text.HAL_GPIO_WritePin
                0x0000000008001c54        0xa ./Drivers/STM32F7xx_HAL_Driver/Src/stm32f7xx_hal_gpio.o
                0x0000000008001c54                HAL_GPIO_WritePin
 .text.HAL_GPIO_TogglePin
                0x0000000008001c5e       0x12 ./Drivers/STM32F7xx_HAL_Driver/Src/stm32f7xx_hal_gpio.o
                0x0000000008001c5e                HAL_GPIO_TogglePin
 .text.HAL_PCD_Init
                0x0000000008001c70      0x112 ./Drivers/STM32F7xx_HAL_Driver/Src/stm32f7xx_hal_pcd.o
                0x0000000008001c70                HAL_PCD_Init
 .text.HAL_PCDEx_ActivateLPM
                0x0000000008001d82       0x26 ./Drivers/STM32F7xx_HAL_Driver/Src/stm32f7xx_hal_pcd_ex.o
                0x0000000008001d82                HAL_PCDEx_ActivateLPM
 .text.HAL_PWR_EnableBkUpAccess
                0x0000000008001da8       0x10 ./Drivers/STM32F7xx_HAL_Driver/Src/stm32f7xx_hal_pwr.o
                0x0000000008001da8                HAL_PWR_EnableBkUpAccess
 .text.HAL_PWREx_EnableOverDrive
                0x0000000008001db8       0x70 ./Drivers/STM32F7xx_HAL_Driver/Src/stm32f7xx_hal_pwr_ex.o
                0x0000000008001db8                HAL_PWREx_EnableOverDrive
 .text.HAL_RCC_OscConfig
                0x0000000008001e28      0x384 ./Drivers/STM32F7xx_HAL_Driver/Src/stm32f7xx_hal_rcc.o
                0x0000000008001e28                HAL_RCC_OscConfig
 .text.HAL_RCC_GetSysClockFreq
                0x00000000080021ac       0x5c ./Drivers/STM32F7xx_HAL_Driver/Src/stm32f7xx_hal_rcc.o
                0x00000000080021ac                HAL_RCC_GetSysClockFreq
 .text.HAL_RCC_ClockConfig
                0x0000000008002208      0x13c ./Drivers/STM32F7xx_HAL_Driver/Src/stm32f7xx_hal_rcc.o
                0x0000000008002208                HAL_RCC_ClockConfig
 .text.HAL_RCC_GetHCLKFreq
                0x0000000008002344        0xc ./Drivers/STM32F7xx_HAL_Driver/Src/stm32f7xx_hal_rcc.o
                0x0000000008002344                HAL_RCC_GetHCLKFreq
 .text.HAL_RCC_GetPCLK1Freq
                0x0000000008002350       0x20 ./Drivers/STM32F7xx_HAL_Driver/Src/stm32f7xx_hal_rcc.o
                0x0000000008002350                HAL_RCC_GetPCLK1Freq
 .text.HAL_RCC_GetPCLK2Freq
                0x0000000008002370       0x20 ./Drivers/STM32F7xx_HAL_Driver/Src/stm32f7xx_hal_rcc.o
                0x0000000008002370                HAL_RCC_GetPCLK2Freq
 .text.HAL_RCC_GetClockConfig
                0x0000000008002390       0x3c ./Drivers/STM32F7xx_HAL_Driver/Src/stm32f7xx_hal_rcc.o
                0x0000000008002390                HAL_RCC_GetClockConfig
 .text.HAL_RCCEx_PeriphCLKConfig
                0x00000000080023cc      0x55c ./Drivers/STM32F7xx_HAL_Driver/Src/stm32f7xx_hal_rcc_ex.o
                0x00000000080023cc                HAL_RCCEx_PeriphCLKConfig
 .text.HAL_TIM_Base_MspInit
                0x0000000008002928        0x2 ./Drivers/STM32F7xx_HAL_Driver/Src/stm32f7xx_hal_tim.o
                0x0000000008002928                HAL_TIM_Base_MspInit
 *fill*         0x000000000800292a        0x2 
 .text.HAL_TIM_Base_Start_IT
                0x000000000800292c       0x7c ./Drivers/STM32F7xx_HAL_Driver/Src/stm32f7xx_hal_tim.o
                0x000000000800292c                HAL_TIM_Base_Start_IT
 .text.HAL_TIM_OC_DelayElapsedCallback
                0x00000000080029a8        0x2 ./Drivers/STM32F7xx_HAL_Driver/Src/stm32f7xx_hal_tim.o
                0x00000000080029a8                HAL_TIM_OC_DelayElapsedCallback
 .text.HAL_TIM_IC_CaptureCallback
                0x00000000080029aa        0x2 ./Drivers/STM32F7xx_HAL_Driver/Src/stm32f7xx_hal_tim.o
                0x00000000080029aa                HAL_TIM_IC_CaptureCallback
 .text.HAL_TIM_PWM_PulseFinishedCallback
                0x00000000080029ac        0x2 ./Drivers/STM32F7xx_HAL_Driver/Src/stm32f7xx_hal_tim.o
                0x00000000080029ac                HAL_TIM_PWM_PulseFinishedCallback
 .text.HAL_TIM_TriggerCallback
                0x00000000080029ae        0x2 ./Drivers/STM32F7xx_HAL_Driver/Src/stm32f7xx_hal_tim.o
                0x00000000080029ae                HAL_TIM_TriggerCallback
 .text.HAL_TIM_IRQHandler
                0x00000000080029b0      0x160 ./Drivers/STM32F7xx_HAL_Driver/Src/stm32f7xx_hal_tim.o
                0x00000000080029b0                HAL_TIM_IRQHandler
 .text.TIM_Base_SetConfig
                0x0000000008002b10       0xcc ./Drivers/STM32F7xx_HAL_Driver/Src/stm32f7xx_hal_tim.o
                0x0000000008002b10                TIM_Base_SetConfig
 .text.HAL_TIM_Base_Init
                0x0000000008002bdc       0x60 ./Drivers/STM32F7xx_HAL_Driver/Src/stm32f7xx_hal_tim.o
                0x0000000008002bdc                HAL_TIM_Base_Init
 .text.HAL_TIMEx_CommutCallback
                0x0000000008002c3c        0x2 ./Drivers/STM32F7xx_HAL_Driver/Src/stm32f7xx_hal_tim_ex.o
                0x0000000008002c3c                HAL_TIMEx_CommutCallback
 .text.HAL_TIMEx_BreakCallback
                0x0000000008002c3e        0x2 ./Drivers/STM32F7xx_HAL_Driver/Src/stm32f7xx_hal_tim_ex.o
                0x0000000008002c3e                HAL_TIMEx_BreakCallback
 .text.HAL_TIMEx_Break2Callback
                0x0000000008002c40        0x2 ./Drivers/STM32F7xx_HAL_Driver/Src/stm32f7xx_hal_tim_ex.o
                0x0000000008002c40                HAL_TIMEx_Break2Callback
 *fill*         0x0000000008002c42        0x2 
 .text.UART_SetConfig
                0x0000000008002c44      0x284 ./Drivers/STM32F7xx_HAL_Driver/Src/stm32f7xx_hal_uart.o
                0x0000000008002c44                UART_SetConfig
 .text.UART_AdvFeatureConfig
                0x0000000008002ec8       0xaa ./Drivers/STM32F7xx_HAL_Driver/Src/stm32f7xx_hal_uart.o
                0x0000000008002ec8                UART_AdvFeatureConfig
 .text.UART_WaitOnFlagUntilTimeout
                0x0000000008002f72       0xc0 ./Drivers/STM32F7xx_HAL_Driver/Src/stm32f7xx_hal_uart.o
                0x0000000008002f72                UART_WaitOnFlagUntilTimeout
 .text.HAL_UART_Transmit
                0x0000000008003032       0xa0 ./Drivers/STM32F7xx_HAL_Driver/Src/stm32f7xx_hal_uart.o
                0x0000000008003032                HAL_UART_Transmit
 .text.UART_CheckIdleState
                0x00000000080030d2       0x6a ./Drivers/STM32F7xx_HAL_Driver/Src/stm32f7xx_hal_uart.o
                0x00000000080030d2                UART_CheckIdleState
 .text.HAL_UART_Init
                0x000000000800313c       0x5c ./Drivers/STM32F7xx_HAL_Driver/Src/stm32f7xx_hal_uart.o
                0x000000000800313c                HAL_UART_Init
 .text.USB_CoreReset
                0x0000000008003198       0x4c ./Drivers/STM32F7xx_HAL_Driver/Src/stm32f7xx_ll_usb.o
 .text.USB_CoreInit
                0x00000000080031e4       0x76 ./Drivers/STM32F7xx_HAL_Driver/Src/stm32f7xx_ll_usb.o
                0x00000000080031e4                USB_CoreInit
 .text.USB_DisableGlobalInt
                0x000000000800325a        0xc ./Drivers/STM32F7xx_HAL_Driver/Src/stm32f7xx_ll_usb.o
                0x000000000800325a                USB_DisableGlobalInt
 .text.USB_SetCurrentMode
                0x0000000008003266       0x5c ./Drivers/STM32F7xx_HAL_Driver/Src/stm32f7xx_ll_usb.o
                0x0000000008003266                USB_SetCurrentMode
 *fill*         0x00000000080032c2        0x2 
 .text.USB_FlushTxFifo
                0x00000000080032c4       0x4c ./Drivers/STM32F7xx_HAL_Driver/Src/stm32f7xx_ll_usb.o
                0x00000000080032c4                USB_FlushTxFifo
 .text.USB_FlushRxFifo
                0x0000000008003310       0x48 ./Drivers/STM32F7xx_HAL_Driver/Src/stm32f7xx_ll_usb.o
                0x0000000008003310                USB_FlushRxFifo
 .text.USB_SetDevSpeed
                0x0000000008003358        0xe ./Drivers/STM32F7xx_HAL_Driver/Src/stm32f7xx_ll_usb.o
                0x0000000008003358                USB_SetDevSpeed
 *fill*         0x0000000008003366        0x2 
 .text.USB_DevInit
                0x0000000008003368      0x16c ./Drivers/STM32F7xx_HAL_Driver/Src/stm32f7xx_ll_usb.o
                0x0000000008003368                USB_DevInit
 .text.USB_DevDisconnect
                0x00000000080034d4       0x1c ./Drivers/STM32F7xx_HAL_Driver/Src/stm32f7xx_ll_usb.o
                0x00000000080034d4                USB_DevDisconnect
 .text.ethernet_link_status_updated
                0x00000000080034f0        0x2 ./LWIP/App/lwip.o
 *fill*         0x00000000080034f2        0x2 
 .text.MX_LWIP_Init
                0x00000000080034f4       0xc4 ./LWIP/App/lwip.o
                0x00000000080034f4                MX_LWIP_Init
 .text.ETH_PHY_IO_DeInit
                0x00000000080035b8        0x4 ./LWIP/Target/ethernetif.o
                0x00000000080035b8                ETH_PHY_IO_DeInit
 .text.low_level_output
                0x00000000080035bc       0x80 ./LWIP/Target/ethernetif.o
 .text.ETH_PHY_IO_GetTick
                0x000000000800363c        0x4 ./LWIP/Target/ethernetif.o
                0x000000000800363c                ETH_PHY_IO_GetTick
 .text.ETH_PHY_IO_Init
                0x0000000008003640       0x10 ./LWIP/Target/ethernetif.o
                0x0000000008003640                ETH_PHY_IO_Init
 .text.ETH_PHY_IO_ReadReg
                0x0000000008003650       0x1c ./LWIP/Target/ethernetif.o
                0x0000000008003650                ETH_PHY_IO_ReadReg
 .text.ETH_PHY_IO_WriteReg
                0x000000000800366c       0x1c ./LWIP/Target/ethernetif.o
                0x000000000800366c                ETH_PHY_IO_WriteReg
 .text.pbuf_free_custom
                0x0000000008003688       0x30 ./LWIP/Target/ethernetif.o
                0x0000000008003688                pbuf_free_custom
 .text.ethernetif_input
                0x00000000080036b8       0x58 ./LWIP/Target/ethernetif.o
 .text.HAL_ETH_RxCpltCallback
                0x0000000008003710        0xc ./LWIP/Target/ethernetif.o
                0x0000000008003710                HAL_ETH_RxCpltCallback
 .text.HAL_ETH_TxCpltCallback
                0x000000000800371c        0xc ./LWIP/Target/ethernetif.o
                0x000000000800371c                HAL_ETH_TxCpltCallback
 .text.HAL_ETH_ErrorCallback
                0x0000000008003728       0x1c ./LWIP/Target/ethernetif.o
                0x0000000008003728                HAL_ETH_ErrorCallback
 .text.ethernetif_init
                0x0000000008003744      0x1b0 ./LWIP/Target/ethernetif.o
                0x0000000008003744                ethernetif_init
 .text.sys_now  0x00000000080038f4        0x4 ./LWIP/Target/ethernetif.o
                0x00000000080038f4                sys_now
 .text.HAL_ETH_MspInit
                0x00000000080038f8      0x12c ./LWIP/Target/ethernetif.o
                0x00000000080038f8                HAL_ETH_MspInit
 .text.ethernet_link_thread
                0x0000000008003a24       0xa8 ./LWIP/Target/ethernetif.o
                0x0000000008003a24                ethernet_link_thread
 .text.HAL_ETH_RxAllocateCallback
                0x0000000008003acc       0x44 ./LWIP/Target/ethernetif.o
                0x0000000008003acc                HAL_ETH_RxAllocateCallback
 .text.HAL_ETH_RxLinkCallback
                0x0000000008003b10       0x54 ./LWIP/Target/ethernetif.o
                0x0000000008003b10                HAL_ETH_RxLinkCallback
 .text.HAL_ETH_TxFreeCallback
                0x0000000008003b64        0x4 ./LWIP/Target/ethernetif.o
                0x0000000008003b64                HAL_ETH_TxFreeCallback
 .text.osKernelStart
                0x0000000008003b68        0xa ./Middlewares/Third_Party/FreeRTOS/Source/CMSIS_RTOS/cmsis_os.o
                0x0000000008003b68                osKernelStart
 .text.osKernelSysTick
                0x0000000008003b72        0xe ./Middlewares/Third_Party/FreeRTOS/Source/CMSIS_RTOS/cmsis_os.o
                0x0000000008003b72                osKernelSysTick
 .text.osThreadCreate
                0x0000000008003b80       0x50 ./Middlewares/Third_Party/FreeRTOS/Source/CMSIS_RTOS/cmsis_os.o
                0x0000000008003b80                osThreadCreate
 .text.osDelay  0x0000000008003bd0       0x10 ./Middlewares/Third_Party/FreeRTOS/Source/CMSIS_RTOS/cmsis_os.o
                0x0000000008003bd0                osDelay
 .text.osMutexCreate
                0x0000000008003be0        0xe ./Middlewares/Third_Party/FreeRTOS/Source/CMSIS_RTOS/cmsis_os.o
                0x0000000008003be0                osMutexCreate
 .text.osMutexWait
                0x0000000008003bee       0x4a ./Middlewares/Third_Party/FreeRTOS/Source/CMSIS_RTOS/cmsis_os.o
                0x0000000008003bee                osMutexWait
 .text.osMutexRelease
                0x0000000008003c38       0x46 ./Middlewares/Third_Party/FreeRTOS/Source/CMSIS_RTOS/cmsis_os.o
                0x0000000008003c38                osMutexRelease
 .text.osMutexDelete
                0x0000000008003c7e       0x14 ./Middlewares/Third_Party/FreeRTOS/Source/CMSIS_RTOS/cmsis_os.o
                0x0000000008003c7e                osMutexDelete
 .text.osSemaphoreCreate
                0x0000000008003c92       0x48 ./Middlewares/Third_Party/FreeRTOS/Source/CMSIS_RTOS/cmsis_os.o
                0x0000000008003c92                osSemaphoreCreate
 .text.osSemaphoreWait
                0x0000000008003cda       0x4a ./Middlewares/Third_Party/FreeRTOS/Source/CMSIS_RTOS/cmsis_os.o
                0x0000000008003cda                osSemaphoreWait
 .text.osSemaphoreRelease
                0x0000000008003d24        0x4 ./Middlewares/Third_Party/FreeRTOS/Source/CMSIS_RTOS/cmsis_os.o
                0x0000000008003d24                osSemaphoreRelease
 .text.osSemaphoreDelete
                0x0000000008003d28        0x4 ./Middlewares/Third_Party/FreeRTOS/Source/CMSIS_RTOS/cmsis_os.o
                0x0000000008003d28                osSemaphoreDelete
 .text.osMessageCreate
                0x0000000008003d2c       0x24 ./Middlewares/Third_Party/FreeRTOS/Source/CMSIS_RTOS/cmsis_os.o
                0x0000000008003d2c                osMessageCreate
 .text.osMessagePut
                0x0000000008003d50       0x50 ./Middlewares/Third_Party/FreeRTOS/Source/CMSIS_RTOS/cmsis_os.o
                0x0000000008003d50                osMessagePut
 .text.osMessageGet
                0x0000000008003da0       0x74 ./Middlewares/Third_Party/FreeRTOS/Source/CMSIS_RTOS/cmsis_os.o
                0x0000000008003da0                osMessageGet
 .text.osMessageWaiting
                0x0000000008003e14        0xe ./Middlewares/Third_Party/FreeRTOS/Source/CMSIS_RTOS/cmsis_os.o
                0x0000000008003e14                osMessageWaiting
 .text.osMessageDelete
                0x0000000008003e22        0x4 ./Middlewares/Third_Party/FreeRTOS/Source/CMSIS_RTOS/cmsis_os.o
                0x0000000008003e22                osMessageDelete
 .text.vListInitialise
                0x0000000008003e26       0x16 ./Middlewares/Third_Party/FreeRTOS/Source/list.o
                0x0000000008003e26                vListInitialise
 .text.vListInitialiseItem
                0x0000000008003e3c        0x6 ./Middlewares/Third_Party/FreeRTOS/Source/list.o
                0x0000000008003e3c                vListInitialiseItem
 .text.vListInsertEnd
                0x0000000008003e42       0x18 ./Middlewares/Third_Party/FreeRTOS/Source/list.o
                0x0000000008003e42                vListInsertEnd
 .text.vListInsert
                0x0000000008003e5a       0x2e ./Middlewares/Third_Party/FreeRTOS/Source/list.o
                0x0000000008003e5a                vListInsert
 .text.uxListRemove
                0x0000000008003e88       0x20 ./Middlewares/Third_Party/FreeRTOS/Source/list.o
                0x0000000008003e88                uxListRemove
 .text.prvIsQueueEmpty
                0x0000000008003ea8       0x16 ./Middlewares/Third_Party/FreeRTOS/Source/queue.o
 .text.prvCopyDataToQueue
                0x0000000008003ebe       0x6a ./Middlewares/Third_Party/FreeRTOS/Source/queue.o
 .text.prvCopyDataFromQueue
                0x0000000008003f28       0x2a ./Middlewares/Third_Party/FreeRTOS/Source/queue.o
 .text.prvUnlockQueue
                0x0000000008003f52       0x70 ./Middlewares/Third_Party/FreeRTOS/Source/queue.o
 .text.xQueueGenericReset
                0x0000000008003fc2       0x82 ./Middlewares/Third_Party/FreeRTOS/Source/queue.o
                0x0000000008003fc2                xQueueGenericReset
 .text.xQueueGenericCreateStatic.part.0.isra.0
                0x0000000008004044       0x90 ./Middlewares/Third_Party/FreeRTOS/Source/queue.o
 .text.xQueueGenericCreateStatic
                0x00000000080040d4       0x1c ./Middlewares/Third_Party/FreeRTOS/Source/queue.o
                0x00000000080040d4                xQueueGenericCreateStatic
 .text.xQueueGenericCreate
                0x00000000080040f0       0x4c ./Middlewares/Third_Party/FreeRTOS/Source/queue.o
                0x00000000080040f0                xQueueGenericCreate
 .text.xQueueGenericSend
                0x000000000800413c      0x176 ./Middlewares/Third_Party/FreeRTOS/Source/queue.o
                0x000000000800413c                xQueueGenericSend
 .text.xQueueCreateMutexStatic
                0x00000000080042b2       0x26 ./Middlewares/Third_Party/FreeRTOS/Source/queue.o
                0x00000000080042b2                xQueueCreateMutexStatic
 .text.xQueueCreateMutex
                0x00000000080042d8       0x34 ./Middlewares/Third_Party/FreeRTOS/Source/queue.o
                0x00000000080042d8                xQueueCreateMutex
 .text.xQueueGenericSendFromISR
                0x000000000800430c       0xd2 ./Middlewares/Third_Party/FreeRTOS/Source/queue.o
                0x000000000800430c                xQueueGenericSendFromISR
 .text.xQueueGiveFromISR
                0x00000000080043de       0xb8 ./Middlewares/Third_Party/FreeRTOS/Source/queue.o
                0x00000000080043de                xQueueGiveFromISR
 .text.xQueueReceive
                0x0000000008004496      0x14a ./Middlewares/Third_Party/FreeRTOS/Source/queue.o
                0x0000000008004496                xQueueReceive
 .text.xQueueSemaphoreTake
                0x00000000080045e0      0x196 ./Middlewares/Third_Party/FreeRTOS/Source/queue.o
                0x00000000080045e0                xQueueSemaphoreTake
 .text.xQueueReceiveFromISR
                0x0000000008004776       0xaa ./Middlewares/Third_Party/FreeRTOS/Source/queue.o
                0x0000000008004776                xQueueReceiveFromISR
 .text.uxQueueMessagesWaiting
                0x0000000008004820       0x2e ./Middlewares/Third_Party/FreeRTOS/Source/queue.o
                0x0000000008004820                uxQueueMessagesWaiting
 .text.uxQueueMessagesWaitingFromISR
                0x000000000800484e       0x1c ./Middlewares/Third_Party/FreeRTOS/Source/queue.o
                0x000000000800484e                uxQueueMessagesWaitingFromISR
 *fill*         0x000000000800486a        0x2 
 .text.vQueueUnregisterQueue
                0x000000000800486c       0x28 ./Middlewares/Third_Party/FreeRTOS/Source/queue.o
                0x000000000800486c                vQueueUnregisterQueue
 .text.vQueueDelete
                0x0000000008004894       0x32 ./Middlewares/Third_Party/FreeRTOS/Source/queue.o
                0x0000000008004894                vQueueDelete
 *fill*         0x00000000080048c6        0x2 
 .text.prvAddNewTaskToReadyList
                0x00000000080048c8       0xfc ./Middlewares/Third_Party/FreeRTOS/Source/tasks.o
 .text.prvAddCurrentTaskToDelayedList
                0x00000000080049c4       0x88 ./Middlewares/Third_Party/FreeRTOS/Source/tasks.o
 .text.prvResetNextTaskUnblockTime
                0x0000000008004a4c       0x24 ./Middlewares/Third_Party/FreeRTOS/Source/tasks.o
 .text.prvDeleteTCB
                0x0000000008004a70       0x40 ./Middlewares/Third_Party/FreeRTOS/Source/tasks.o
 .text.prvIdleTask
                0x0000000008004ab0       0x60 ./Middlewares/Third_Party/FreeRTOS/Source/tasks.o
 .text.prvInitialiseNewTask.constprop.0
                0x0000000008004b10       0xb0 ./Middlewares/Third_Party/FreeRTOS/Source/tasks.o
 .text.xTaskCreateStatic
                0x0000000008004bc0       0x7c ./Middlewares/Third_Party/FreeRTOS/Source/tasks.o
                0x0000000008004bc0                xTaskCreateStatic
 .text.xTaskCreate
                0x0000000008004c3c       0x5a ./Middlewares/Third_Party/FreeRTOS/Source/tasks.o
                0x0000000008004c3c                xTaskCreate
 *fill*         0x0000000008004c96        0x2 
 .text.vTaskStartScheduler
                0x0000000008004c98       0x88 ./Middlewares/Third_Party/FreeRTOS/Source/tasks.o
                0x0000000008004c98                vTaskStartScheduler
 .text.vTaskSuspendAll
                0x0000000008004d20       0x10 ./Middlewares/Third_Party/FreeRTOS/Source/tasks.o
                0x0000000008004d20                vTaskSuspendAll
 .text.xTaskGetTickCount
                0x0000000008004d30        0xc ./Middlewares/Third_Party/FreeRTOS/Source/tasks.o
                0x0000000008004d30                xTaskGetTickCount
 .text.xTaskGetTickCountFromISR
                0x0000000008004d3c       0x10 ./Middlewares/Third_Party/FreeRTOS/Source/tasks.o
                0x0000000008004d3c                xTaskGetTickCountFromISR
 .text.xTaskIncrementTick
                0x0000000008004d4c      0x130 ./Middlewares/Third_Party/FreeRTOS/Source/tasks.o
                0x0000000008004d4c                xTaskIncrementTick
 .text.xTaskResumeAll
                0x0000000008004e7c       0xf4 ./Middlewares/Third_Party/FreeRTOS/Source/tasks.o
                0x0000000008004e7c                xTaskResumeAll
 .text.vTaskDelay
                0x0000000008004f70       0x4c ./Middlewares/Third_Party/FreeRTOS/Source/tasks.o
                0x0000000008004f70                vTaskDelay
 .text.vTaskSwitchContext
                0x0000000008004fbc       0x84 ./Middlewares/Third_Party/FreeRTOS/Source/tasks.o
                0x0000000008004fbc                vTaskSwitchContext
 .text.vTaskPlaceOnEventList
                0x0000000008005040       0x38 ./Middlewares/Third_Party/FreeRTOS/Source/tasks.o
                0x0000000008005040                vTaskPlaceOnEventList
 .text.xTaskRemoveFromEventList
                0x0000000008005078       0x90 ./Middlewares/Third_Party/FreeRTOS/Source/tasks.o
                0x0000000008005078                xTaskRemoveFromEventList
 .text.vTaskInternalSetTimeOutState
                0x0000000008005108       0x18 ./Middlewares/Third_Party/FreeRTOS/Source/tasks.o
                0x0000000008005108                vTaskInternalSetTimeOutState
 .text.xTaskCheckForTimeOut
                0x0000000008005120       0x80 ./Middlewares/Third_Party/FreeRTOS/Source/tasks.o
                0x0000000008005120                xTaskCheckForTimeOut
 .text.vTaskMissedYield
                0x00000000080051a0        0xc ./Middlewares/Third_Party/FreeRTOS/Source/tasks.o
                0x00000000080051a0                vTaskMissedYield
 .text.xTaskGetSchedulerState
                0x00000000080051ac       0x20 ./Middlewares/Third_Party/FreeRTOS/Source/tasks.o
                0x00000000080051ac                xTaskGetSchedulerState
 .text.xTaskPriorityInherit
                0x00000000080051cc       0xa4 ./Middlewares/Third_Party/FreeRTOS/Source/tasks.o
                0x00000000080051cc                xTaskPriorityInherit
 .text.xTaskPriorityDisinherit
                0x0000000008005270       0xac ./Middlewares/Third_Party/FreeRTOS/Source/tasks.o
                0x0000000008005270                xTaskPriorityDisinherit
 .text.vTaskPriorityDisinheritAfterTimeout
                0x000000000800531c       0xbc ./Middlewares/Third_Party/FreeRTOS/Source/tasks.o
                0x000000000800531c                vTaskPriorityDisinheritAfterTimeout
 .text.pvTaskIncrementMutexHeldCount
                0x00000000080053d8       0x18 ./Middlewares/Third_Party/FreeRTOS/Source/tasks.o
                0x00000000080053d8                pvTaskIncrementMutexHeldCount
 .text.prvPortStartFirstTask
                0x00000000080053f0       0x28 ./Middlewares/Third_Party/FreeRTOS/Source/portable/GCC/ARM_CM7/r0p1/port.o
 .text.vPortEnableVFP
                0x0000000008005418       0x14 ./Middlewares/Third_Party/FreeRTOS/Source/portable/GCC/ARM_CM7/r0p1/port.o
 .text.prvTaskExitError
                0x000000000800542c       0x48 ./Middlewares/Third_Party/FreeRTOS/Source/portable/GCC/ARM_CM7/r0p1/port.o
 .text.pxPortInitialiseStack
                0x0000000008005474       0x24 ./Middlewares/Third_Party/FreeRTOS/Source/portable/GCC/ARM_CM7/r0p1/port.o
                0x0000000008005474                pxPortInitialiseStack
 *fill*         0x0000000008005498        0x8 
 .text.SVC_Handler
                0x00000000080054a0       0x24 ./Middlewares/Third_Party/FreeRTOS/Source/portable/GCC/ARM_CM7/r0p1/port.o
                0x00000000080054a0                SVC_Handler
 .text.vPortEnterCritical
                0x00000000080054c4       0x48 ./Middlewares/Third_Party/FreeRTOS/Source/portable/GCC/ARM_CM7/r0p1/port.o
                0x00000000080054c4                vPortEnterCritical
 .text.vPortExitCritical
                0x000000000800550c       0x2c ./Middlewares/Third_Party/FreeRTOS/Source/portable/GCC/ARM_CM7/r0p1/port.o
                0x000000000800550c                vPortExitCritical
 *fill*         0x0000000008005538        0x8 
 .text.PendSV_Handler
                0x0000000008005540       0x64 ./Middlewares/Third_Party/FreeRTOS/Source/portable/GCC/ARM_CM7/r0p1/port.o
                0x0000000008005540                PendSV_Handler
 .text.SysTick_Handler
                0x00000000080055a4       0x30 ./Middlewares/Third_Party/FreeRTOS/Source/portable/GCC/ARM_CM7/r0p1/port.o
                0x00000000080055a4                SysTick_Handler
 .text.vPortSetupTimerInterrupt
                0x00000000080055d4       0x24 ./Middlewares/Third_Party/FreeRTOS/Source/portable/GCC/ARM_CM7/r0p1/port.o
                0x00000000080055d4                vPortSetupTimerInterrupt
 .text.xPortStartScheduler
                0x00000000080055f8       0xcc ./Middlewares/Third_Party/FreeRTOS/Source/portable/GCC/ARM_CM7/r0p1/port.o
                0x00000000080055f8                xPortStartScheduler
 .text.vPortValidateInterruptPriority
                0x00000000080056c4       0x64 ./Middlewares/Third_Party/FreeRTOS/Source/portable/GCC/ARM_CM7/r0p1/port.o
                0x00000000080056c4                vPortValidateInterruptPriority
 .text.prvInsertBlockIntoFreeList
                0x0000000008005728       0x4c ./Middlewares/Third_Party/FreeRTOS/Source/portable/MemMang/heap_4.o
 .text.pvPortMalloc
                0x0000000008005774      0x128 ./Middlewares/Third_Party/FreeRTOS/Source/portable/MemMang/heap_4.o
                0x0000000008005774                pvPortMalloc
 .text.vPortFree
                0x000000000800589c       0x78 ./Middlewares/Third_Party/FreeRTOS/Source/portable/MemMang/heap_4.o
                0x000000000800589c                vPortFree
 .text.netconn_apimsg
                0x0000000008005914       0x14 ./Middlewares/Third_Party/LwIP/src/api/api_lib.o
 .text.netconn_new_with_proto_and_callback
                0x0000000008005928       0xb4 ./Middlewares/Third_Party/LwIP/src/api/api_lib.o
                0x0000000008005928                netconn_new_with_proto_and_callback
 .text.netconn_prepare_delete
                0x00000000080059dc       0x20 ./Middlewares/Third_Party/LwIP/src/api/api_lib.o
                0x00000000080059dc                netconn_prepare_delete
 .text.netconn_delete
                0x00000000080059fc       0x1c ./Middlewares/Third_Party/LwIP/src/api/api_lib.o
                0x00000000080059fc                netconn_delete
 .text.netconn_connect
                0x0000000008005a18       0x4c ./Middlewares/Third_Party/LwIP/src/api/api_lib.o
                0x0000000008005a18                netconn_connect
 .text.netconn_disconnect
                0x0000000008005a64       0x3c ./Middlewares/Third_Party/LwIP/src/api/api_lib.o
                0x0000000008005a64                netconn_disconnect
 .text.netconn_send
                0x0000000008005aa0       0x3c ./Middlewares/Third_Party/LwIP/src/api/api_lib.o
                0x0000000008005aa0                netconn_send
 .text.netconn_write_vectors_partly
                0x0000000008005adc       0xd8 ./Middlewares/Third_Party/LwIP/src/api/api_lib.o
                0x0000000008005adc                netconn_write_vectors_partly
 .text.netconn_write_partly
                0x0000000008005bb4       0x18 ./Middlewares/Third_Party/LwIP/src/api/api_lib.o
                0x0000000008005bb4                netconn_write_partly
 .text.netconn_err
                0x0000000008005bcc       0x1e ./Middlewares/Third_Party/LwIP/src/api/api_lib.o
                0x0000000008005bcc                netconn_err
 *fill*         0x0000000008005bea        0x2 
 .text.recv_udp
                0x0000000008005bec       0xbc ./Middlewares/Third_Party/LwIP/src/api/api_msg.o
 .text.setup_tcp
                0x0000000008005ca8       0x44 ./Middlewares/Third_Party/LwIP/src/api/api_msg.o
 .text.lwip_netconn_do_connected
                0x0000000008005cec       0xac ./Middlewares/Third_Party/LwIP/src/api/api_msg.o
 .text.lwip_netconn_do_writemore
                0x0000000008005d98      0x254 ./Middlewares/Third_Party/LwIP/src/api/api_msg.o
 .text.lwip_netconn_do_close_internal
                0x0000000008005fec      0x1e8 ./Middlewares/Third_Party/LwIP/src/api/api_msg.o
 .text.poll_tcp
                0x00000000080061d4       0x7c ./Middlewares/Third_Party/LwIP/src/api/api_msg.o
 .text.sent_tcp
                0x0000000008006250       0x70 ./Middlewares/Third_Party/LwIP/src/api/api_msg.o
 .text.recv_tcp
                0x00000000080062c0       0xd0 ./Middlewares/Third_Party/LwIP/src/api/api_msg.o
 .text.err_tcp  0x0000000008006390      0x138 ./Middlewares/Third_Party/LwIP/src/api/api_msg.o
 .text.lwip_netconn_is_err_msg
                0x00000000080064c8       0x54 ./Middlewares/Third_Party/LwIP/src/api/api_msg.o
                0x00000000080064c8                lwip_netconn_is_err_msg
 .text.lwip_netconn_do_newconn
                0x000000000800651c       0x60 ./Middlewares/Third_Party/LwIP/src/api/api_msg.o
                0x000000000800651c                lwip_netconn_do_newconn
 .text.netconn_alloc
                0x000000000800657c       0x8c ./Middlewares/Third_Party/LwIP/src/api/api_msg.o
                0x000000000800657c                netconn_alloc
 .text.netconn_free
                0x0000000008006608       0x78 ./Middlewares/Third_Party/LwIP/src/api/api_msg.o
                0x0000000008006608                netconn_free
 .text.netconn_drain
                0x0000000008006680       0x9e ./Middlewares/Third_Party/LwIP/src/api/api_msg.o
 *fill*         0x000000000800671e        0x2 
 .text.lwip_netconn_do_delconn
                0x0000000008006720      0x10c ./Middlewares/Third_Party/LwIP/src/api/api_msg.o
                0x0000000008006720                lwip_netconn_do_delconn
 .text.lwip_netconn_do_connect
                0x000000000800682c       0xe0 ./Middlewares/Third_Party/LwIP/src/api/api_msg.o
                0x000000000800682c                lwip_netconn_do_connect
 .text.lwip_netconn_do_disconnect
                0x000000000800690c       0x22 ./Middlewares/Third_Party/LwIP/src/api/api_msg.o
                0x000000000800690c                lwip_netconn_do_disconnect
 .text.lwip_netconn_do_send
                0x000000000800692e       0x3c ./Middlewares/Third_Party/LwIP/src/api/api_msg.o
                0x000000000800692e                lwip_netconn_do_send
 *fill*         0x000000000800696a        0x2 
 .text.lwip_netconn_do_write
                0x000000000800696c       0xcc ./Middlewares/Third_Party/LwIP/src/api/api_msg.o
                0x000000000800696c                lwip_netconn_do_write
 .text.err_to_errno
                0x0000000008006a38       0x1c ./Middlewares/Third_Party/LwIP/src/api/err.o
                0x0000000008006a38                err_to_errno
 .text.netbuf_delete
                0x0000000008006a54       0x22 ./Middlewares/Third_Party/LwIP/src/api/netbuf.o
                0x0000000008006a54                netbuf_delete
 *fill*         0x0000000008006a76        0x2 
 .text.netbuf_free
                0x0000000008006a78       0x34 ./Middlewares/Third_Party/LwIP/src/api/netbuf.o
                0x0000000008006a78                netbuf_free
 .text.netbuf_ref
                0x0000000008006aac       0x54 ./Middlewares/Third_Party/LwIP/src/api/netbuf.o
                0x0000000008006aac                netbuf_ref
 .text.get_socket
                0x0000000008006b00       0x24 ./Middlewares/Third_Party/LwIP/src/api/sockets.o
 .text.alloc_socket
                0x0000000008006b24       0x80 ./Middlewares/Third_Party/LwIP/src/api/sockets.o
 .text.event_callback
                0x0000000008006ba4      0x164 ./Middlewares/Third_Party/LwIP/src/api/sockets.o
 .text.free_socket
                0x0000000008006d08       0x36 ./Middlewares/Third_Party/LwIP/src/api/sockets.o
 *fill*         0x0000000008006d3e        0x2 
 .text.lwip_close
                0x0000000008006d40       0x70 ./Middlewares/Third_Party/LwIP/src/api/sockets.o
                0x0000000008006d40                lwip_close
 .text.lwip_connect
                0x0000000008006db0       0x74 ./Middlewares/Third_Party/LwIP/src/api/sockets.o
                0x0000000008006db0                lwip_connect
 .text.lwip_sendto
                0x0000000008006e24       0xe8 ./Middlewares/Third_Party/LwIP/src/api/sockets.o
                0x0000000008006e24                lwip_sendto
 .text.lwip_send
                0x0000000008006f0c       0x70 ./Middlewares/Third_Party/LwIP/src/api/sockets.o
                0x0000000008006f0c                lwip_send
 .text.lwip_socket
                0x0000000008006f7c       0x74 ./Middlewares/Third_Party/LwIP/src/api/sockets.o
                0x0000000008006f7c                lwip_socket
 .text.tcpip_thread
                0x0000000008006ff0       0xd0 ./Middlewares/Third_Party/LwIP/src/api/tcpip.o
 .text.tcpip_inpkt
                0x00000000080070c0       0x58 ./Middlewares/Third_Party/LwIP/src/api/tcpip.o
                0x00000000080070c0                tcpip_inpkt
 .text.tcpip_input
                0x0000000008007118       0x1c ./Middlewares/Third_Party/LwIP/src/api/tcpip.o
                0x0000000008007118                tcpip_input
 .text.tcpip_try_callback
                0x0000000008007134       0x58 ./Middlewares/Third_Party/LwIP/src/api/tcpip.o
                0x0000000008007134                tcpip_try_callback
 .text.tcpip_send_msg_wait_sem
                0x000000000800718c       0x20 ./Middlewares/Third_Party/LwIP/src/api/tcpip.o
                0x000000000800718c                tcpip_send_msg_wait_sem
 .text.tcpip_init
                0x00000000080071ac       0x80 ./Middlewares/Third_Party/LwIP/src/api/tcpip.o
                0x00000000080071ac                tcpip_init
 .text.lwip_htons
                0x000000000800722c        0x6 ./Middlewares/Third_Party/LwIP/src/core/def.o
                0x000000000800722c                lwip_htons
 .text.lwip_htonl
                0x0000000008007232        0x4 ./Middlewares/Third_Party/LwIP/src/core/def.o
                0x0000000008007232                lwip_htonl
 .text.lwip_init
                0x0000000008007236       0x22 ./Middlewares/Third_Party/LwIP/src/core/init.o
                0x0000000008007236                lwip_init
 .text.mem_init
                0x0000000008007258       0x70 ./Middlewares/Third_Party/LwIP/src/core/mem.o
                0x0000000008007258                mem_init
 .text.mem_free
                0x00000000080072c8      0x1b8 ./Middlewares/Third_Party/LwIP/src/core/mem.o
                0x00000000080072c8                mem_free
 .text.mem_trim
                0x0000000008007480      0x16c ./Middlewares/Third_Party/LwIP/src/core/mem.o
                0x0000000008007480                mem_trim
 .text.mem_malloc
                0x00000000080075ec      0x160 ./Middlewares/Third_Party/LwIP/src/core/mem.o
                0x00000000080075ec                mem_malloc
 .text.do_memp_malloc_pool
                0x000000000800774c       0x3c ./Middlewares/Third_Party/LwIP/src/core/memp.o
 .text.do_memp_free_pool
                0x0000000008007788       0x38 ./Middlewares/Third_Party/LwIP/src/core/memp.o
 .text.memp_init_pool
                0x00000000080077c0       0x26 ./Middlewares/Third_Party/LwIP/src/core/memp.o
                0x00000000080077c0                memp_init_pool
 *fill*         0x00000000080077e6        0x2 
 .text.memp_init
                0x00000000080077e8       0x1c ./Middlewares/Third_Party/LwIP/src/core/memp.o
                0x00000000080077e8                memp_init
 .text.memp_malloc_pool
                0x0000000008007804       0x2c ./Middlewares/Third_Party/LwIP/src/core/memp.o
                0x0000000008007804                memp_malloc_pool
 .text.memp_malloc
                0x0000000008007830       0x38 ./Middlewares/Third_Party/LwIP/src/core/memp.o
                0x0000000008007830                memp_malloc
 .text.memp_free_pool
                0x0000000008007868       0x28 ./Middlewares/Third_Party/LwIP/src/core/memp.o
                0x0000000008007868                memp_free_pool
 .text.memp_free
                0x0000000008007890       0x30 ./Middlewares/Third_Party/LwIP/src/core/memp.o
                0x0000000008007890                memp_free
 .text.netif_null_output_ip4
                0x00000000080078c0        0x6 ./Middlewares/Third_Party/LwIP/src/core/netif.o
 *fill*         0x00000000080078c6        0x2 
 .text.netif_issue_reports
                0x00000000080078c8       0x44 ./Middlewares/Third_Party/LwIP/src/core/netif.o
 .text.netif_do_set_ipaddr.isra.0
                0x000000000800790c       0x50 ./Middlewares/Third_Party/LwIP/src/core/netif.o
 .text.netif_init
                0x000000000800795c        0x2 ./Middlewares/Third_Party/LwIP/src/core/netif.o
                0x000000000800795c                netif_init
 *fill*         0x000000000800795e        0x2 
 .text.netif_set_addr
                0x0000000008007960       0x58 ./Middlewares/Third_Party/LwIP/src/core/netif.o
                0x0000000008007960                netif_set_addr
 .text.netif_add
                0x00000000080079b8      0x12c ./Middlewares/Third_Party/LwIP/src/core/netif.o
                0x00000000080079b8                netif_add
 .text.netif_set_default
                0x0000000008007ae4        0xc ./Middlewares/Third_Party/LwIP/src/core/netif.o
                0x0000000008007ae4                netif_set_default
 .text.netif_set_up
                0x0000000008007af0       0x34 ./Middlewares/Third_Party/LwIP/src/core/netif.o
                0x0000000008007af0                netif_set_up
 .text.netif_set_down
                0x0000000008007b24       0x38 ./Middlewares/Third_Party/LwIP/src/core/netif.o
                0x0000000008007b24                netif_set_down
 .text.netif_set_link_up
                0x0000000008007b5c       0x48 ./Middlewares/Third_Party/LwIP/src/core/netif.o
                0x0000000008007b5c                netif_set_link_up
 .text.netif_set_link_down
                0x0000000008007ba4       0x34 ./Middlewares/Third_Party/LwIP/src/core/netif.o
                0x0000000008007ba4                netif_set_link_down
 .text.netif_set_link_callback
                0x0000000008007bd8        0x6 ./Middlewares/Third_Party/LwIP/src/core/netif.o
                0x0000000008007bd8                netif_set_link_callback
 *fill*         0x0000000008007bde        0x2 
 .text.netif_get_by_index
                0x0000000008007be0       0x20 ./Middlewares/Third_Party/LwIP/src/core/netif.o
                0x0000000008007be0                netif_get_by_index
 .text.pbuf_free_ooseq_callback
                0x0000000008007c00       0x30 ./Middlewares/Third_Party/LwIP/src/core/pbuf.o
 .text.pbuf_add_header_impl
                0x0000000008007c30       0x64 ./Middlewares/Third_Party/LwIP/src/core/pbuf.o
 .text.pbuf_alloc_reference
                0x0000000008007c94       0x48 ./Middlewares/Third_Party/LwIP/src/core/pbuf.o
                0x0000000008007c94                pbuf_alloc_reference
 .text.pbuf_alloced_custom
                0x0000000008007cdc       0x34 ./Middlewares/Third_Party/LwIP/src/core/pbuf.o
                0x0000000008007cdc                pbuf_alloced_custom
 .text.pbuf_add_header
                0x0000000008007d10        0x6 ./Middlewares/Third_Party/LwIP/src/core/pbuf.o
                0x0000000008007d10                pbuf_add_header
 *fill*         0x0000000008007d16        0x2 
 .text.pbuf_remove_header
                0x0000000008007d18       0x58 ./Middlewares/Third_Party/LwIP/src/core/pbuf.o
                0x0000000008007d18                pbuf_remove_header
 .text.pbuf_header_force
                0x0000000008007d70       0x10 ./Middlewares/Third_Party/LwIP/src/core/pbuf.o
                0x0000000008007d70                pbuf_header_force
 .text.pbuf_free
                0x0000000008007d80       0xd0 ./Middlewares/Third_Party/LwIP/src/core/pbuf.o
                0x0000000008007d80                pbuf_free
 .text.pbuf_alloc
                0x0000000008007e50      0x148 ./Middlewares/Third_Party/LwIP/src/core/pbuf.o
                0x0000000008007e50                pbuf_alloc
 .text.pbuf_realloc
                0x0000000008007f98       0xb0 ./Middlewares/Third_Party/LwIP/src/core/pbuf.o
                0x0000000008007f98                pbuf_realloc
 .text.pbuf_clen
                0x0000000008008048       0x10 ./Middlewares/Third_Party/LwIP/src/core/pbuf.o
                0x0000000008008048                pbuf_clen
 .text.pbuf_ref
                0x0000000008008058       0x38 ./Middlewares/Third_Party/LwIP/src/core/pbuf.o
                0x0000000008008058                pbuf_ref
 .text.pbuf_cat
                0x0000000008008090       0x74 ./Middlewares/Third_Party/LwIP/src/core/pbuf.o
                0x0000000008008090                pbuf_cat
 .text.pbuf_chain
                0x0000000008008104       0x12 ./Middlewares/Third_Party/LwIP/src/core/pbuf.o
                0x0000000008008104                pbuf_chain
 *fill*         0x0000000008008116        0x2 
 .text.pbuf_copy
                0x0000000008008118      0x104 ./Middlewares/Third_Party/LwIP/src/core/pbuf.o
                0x0000000008008118                pbuf_copy
 .text.pbuf_copy_partial
                0x000000000800821c       0x8c ./Middlewares/Third_Party/LwIP/src/core/pbuf.o
                0x000000000800821c                pbuf_copy_partial
 .text.pbuf_clone
                0x00000000080082a8       0x38 ./Middlewares/Third_Party/LwIP/src/core/pbuf.o
                0x00000000080082a8                pbuf_clone
 .text.tcp_new_port
                0x00000000080082e0       0x50 ./Middlewares/Third_Party/LwIP/src/core/tcp.o
 .text.tcp_close_shutdown_fin
                0x0000000008008330       0x60 ./Middlewares/Third_Party/LwIP/src/core/tcp.o
 .text.tcp_init
                0x0000000008008390       0x18 ./Middlewares/Third_Party/LwIP/src/core/tcp.o
                0x0000000008008390                tcp_init
 .text.tcp_free
                0x00000000080083a8       0x30 ./Middlewares/Third_Party/LwIP/src/core/tcp.o
                0x00000000080083a8                tcp_free
 .text.tcp_update_rcv_ann_wnd
                0x00000000080083d8       0x6c ./Middlewares/Third_Party/LwIP/src/core/tcp.o
                0x00000000080083d8                tcp_update_rcv_ann_wnd
 .text.tcp_recved
                0x0000000008008444       0x7c ./Middlewares/Third_Party/LwIP/src/core/tcp.o
                0x0000000008008444                tcp_recved
 .text.tcp_seg_free
                0x00000000080084c0       0x1c ./Middlewares/Third_Party/LwIP/src/core/tcp.o
                0x00000000080084c0                tcp_seg_free
 .text.tcp_segs_free
                0x00000000080084dc       0x10 ./Middlewares/Third_Party/LwIP/src/core/tcp.o
                0x00000000080084dc                tcp_segs_free
 .text.tcp_seg_copy
                0x00000000080084ec       0x48 ./Middlewares/Third_Party/LwIP/src/core/tcp.o
                0x00000000080084ec                tcp_seg_copy
 .text.tcp_arg  0x0000000008008534        0x6 ./Middlewares/Third_Party/LwIP/src/core/tcp.o
                0x0000000008008534                tcp_arg
 *fill*         0x000000000800853a        0x2 
 .text.tcp_recv
                0x000000000800853c       0x30 ./Middlewares/Third_Party/LwIP/src/core/tcp.o
                0x000000000800853c                tcp_recv
 .text.tcp_sent
                0x000000000800856c       0x30 ./Middlewares/Third_Party/LwIP/src/core/tcp.o
                0x000000000800856c                tcp_sent
 .text.tcp_err  0x000000000800859c       0x30 ./Middlewares/Third_Party/LwIP/src/core/tcp.o
                0x000000000800859c                tcp_err
 .text.tcp_accept
                0x00000000080085cc        0xc ./Middlewares/Third_Party/LwIP/src/core/tcp.o
                0x00000000080085cc                tcp_accept
 .text.tcp_poll
                0x00000000080085d8       0x48 ./Middlewares/Third_Party/LwIP/src/core/tcp.o
                0x00000000080085d8                tcp_poll
 .text.tcp_next_iss
                0x0000000008008620       0x34 ./Middlewares/Third_Party/LwIP/src/core/tcp.o
                0x0000000008008620                tcp_next_iss
 .text.tcp_eff_send_mss_netif
                0x0000000008008654       0x3c ./Middlewares/Third_Party/LwIP/src/core/tcp.o
                0x0000000008008654                tcp_eff_send_mss_netif
 .text.tcp_connect
                0x0000000008008690      0x130 ./Middlewares/Third_Party/LwIP/src/core/tcp.o
                0x0000000008008690                tcp_connect
 .text.tcp_free_ooseq
                0x00000000080087c0       0x12 ./Middlewares/Third_Party/LwIP/src/core/tcp.o
                0x00000000080087c0                tcp_free_ooseq
 *fill*         0x00000000080087d2        0x2 
 .text.tcp_pcb_purge
                0x00000000080087d4       0x64 ./Middlewares/Third_Party/LwIP/src/core/tcp.o
                0x00000000080087d4                tcp_pcb_purge
 .text.tcp_pcb_remove
                0x0000000008008838       0xcc ./Middlewares/Third_Party/LwIP/src/core/tcp.o
                0x0000000008008838                tcp_pcb_remove
 .text.tcp_abandon
                0x0000000008008904      0x104 ./Middlewares/Third_Party/LwIP/src/core/tcp.o
                0x0000000008008904                tcp_abandon
 .text.tcp_abort
                0x0000000008008a08        0x6 ./Middlewares/Third_Party/LwIP/src/core/tcp.o
                0x0000000008008a08                tcp_abort
 *fill*         0x0000000008008a0e        0x2 
 .text.tcp_netif_ip_addr_changed_pcblist
                0x0000000008008a10       0x3c ./Middlewares/Third_Party/LwIP/src/core/tcp.o
 .text.tcp_netif_ip_addr_changed
                0x0000000008008a4c       0x48 ./Middlewares/Third_Party/LwIP/src/core/tcp.o
                0x0000000008008a4c                tcp_netif_ip_addr_changed
 .text.tcp_kill_state
                0x0000000008008a94       0x3c ./Middlewares/Third_Party/LwIP/src/core/tcp.o
 .text.tcp_alloc
                0x0000000008008ad0      0x130 ./Middlewares/Third_Party/LwIP/src/core/tcp.o
                0x0000000008008ad0                tcp_alloc
 .text.tcp_new_ip_type
                0x0000000008008c00        0x6 ./Middlewares/Third_Party/LwIP/src/core/tcp.o
                0x0000000008008c00                tcp_new_ip_type
 *fill*         0x0000000008008c06        0x2 
 .text.tcp_close_shutdown
                0x0000000008008c08      0x164 ./Middlewares/Third_Party/LwIP/src/core/tcp.o
 .text.tcp_close
                0x0000000008008d6c       0x3c ./Middlewares/Third_Party/LwIP/src/core/tcp.o
                0x0000000008008d6c                tcp_close
 .text.tcp_recv_null
                0x0000000008008da8       0x48 ./Middlewares/Third_Party/LwIP/src/core/tcp.o
                0x0000000008008da8                tcp_recv_null
 .text.tcp_process_refused_data
                0x0000000008008df0       0x88 ./Middlewares/Third_Party/LwIP/src/core/tcp.o
                0x0000000008008df0                tcp_process_refused_data
 .text.tcp_fasttmr
                0x0000000008008e78       0x80 ./Middlewares/Third_Party/LwIP/src/core/tcp.o
                0x0000000008008e78                tcp_fasttmr
 .text.tcp_shutdown
                0x0000000008008ef8       0x70 ./Middlewares/Third_Party/LwIP/src/core/tcp.o
                0x0000000008008ef8                tcp_shutdown
 .text.tcp_slowtmr
                0x0000000008008f68      0x434 ./Middlewares/Third_Party/LwIP/src/core/tcp.o
                0x0000000008008f68                tcp_slowtmr
 .text.tcp_tmr  0x000000000800939c       0x24 ./Middlewares/Third_Party/LwIP/src/core/tcp.o
                0x000000000800939c                tcp_tmr
 .text.tcp_get_next_optbyte
                0x00000000080093c0       0x38 ./Middlewares/Third_Party/LwIP/src/core/tcp_in.o
 .text.tcp_oos_insert_segment
                0x00000000080093f8       0x94 ./Middlewares/Third_Party/LwIP/src/core/tcp_in.o
 .text.tcp_parseopt
                0x000000000800948c       0x90 ./Middlewares/Third_Party/LwIP/src/core/tcp_in.o
 .text.tcp_input_delayed_close
                0x000000000800951c       0x58 ./Middlewares/Third_Party/LwIP/src/core/tcp_in.o
 .text.tcp_free_acked_segments.constprop.0
                0x0000000008009574       0xc4 ./Middlewares/Third_Party/LwIP/src/core/tcp_in.o
 .text.tcp_receive
                0x0000000008009638      0x85c ./Middlewares/Third_Party/LwIP/src/core/tcp_in.o
 .text.tcp_input
                0x0000000008009e94      0xafc ./Middlewares/Third_Party/LwIP/src/core/tcp_in.o
                0x0000000008009e94                tcp_input
 .text.tcp_trigger_input_pcb_close
                0x000000000800a990       0x10 ./Middlewares/Third_Party/LwIP/src/core/tcp_in.o
                0x000000000800a990                tcp_trigger_input_pcb_close
 .text.tcp_output_segment_busy
                0x000000000800a9a0       0x2c ./Middlewares/Third_Party/LwIP/src/core/tcp_out.o
 .text.tcp_pbuf_prealloc
                0x000000000800a9cc       0xa4 ./Middlewares/Third_Party/LwIP/src/core/tcp_out.o
 .text.tcp_create_segment
                0x000000000800aa70       0xe4 ./Middlewares/Third_Party/LwIP/src/core/tcp_out.o
 .text.tcp_output_alloc_header_common.constprop.0
                0x000000000800ab54       0x84 ./Middlewares/Third_Party/LwIP/src/core/tcp_out.o
 .text.tcp_output_alloc_header.constprop.0
                0x000000000800abd8       0x4c ./Middlewares/Third_Party/LwIP/src/core/tcp_out.o
 .text.tcp_output_fill_options.constprop.0
                0x000000000800ac24       0x20 ./Middlewares/Third_Party/LwIP/src/core/tcp_out.o
 .text.tcp_output_control_segment
                0x000000000800ac44       0x70 ./Middlewares/Third_Party/LwIP/src/core/tcp_out.o
 .text.tcp_write
                0x000000000800acb4      0x548 ./Middlewares/Third_Party/LwIP/src/core/tcp_out.o
                0x000000000800acb4                tcp_write
 .text.tcp_split_unsent_seg
                0x000000000800b1fc      0x198 ./Middlewares/Third_Party/LwIP/src/core/tcp_out.o
                0x000000000800b1fc                tcp_split_unsent_seg
 .text.tcp_enqueue_flags
                0x000000000800b394      0x128 ./Middlewares/Third_Party/LwIP/src/core/tcp_out.o
                0x000000000800b394                tcp_enqueue_flags
 .text.tcp_send_fin
                0x000000000800b4bc       0x60 ./Middlewares/Third_Party/LwIP/src/core/tcp_out.o
                0x000000000800b4bc                tcp_send_fin
 .text.tcp_rexmit_rto_prepare
                0x000000000800b51c       0x88 ./Middlewares/Third_Party/LwIP/src/core/tcp_out.o
                0x000000000800b51c                tcp_rexmit_rto_prepare
 .text.tcp_rexmit
                0x000000000800b5a4       0x80 ./Middlewares/Third_Party/LwIP/src/core/tcp_out.o
                0x000000000800b5a4                tcp_rexmit
 .text.tcp_rexmit_fast
                0x000000000800b624       0x68 ./Middlewares/Third_Party/LwIP/src/core/tcp_out.o
                0x000000000800b624                tcp_rexmit_fast
 .text.tcp_rst  0x000000000800b68c       0x8c ./Middlewares/Third_Party/LwIP/src/core/tcp_out.o
                0x000000000800b68c                tcp_rst
 .text.tcp_send_empty_ack
                0x000000000800b718       0x64 ./Middlewares/Third_Party/LwIP/src/core/tcp_out.o
                0x000000000800b718                tcp_send_empty_ack
 .text.tcp_output
                0x000000000800b77c      0x358 ./Middlewares/Third_Party/LwIP/src/core/tcp_out.o
                0x000000000800b77c                tcp_output
 .text.tcp_rexmit_rto_commit
                0x000000000800bad4       0x38 ./Middlewares/Third_Party/LwIP/src/core/tcp_out.o
                0x000000000800bad4                tcp_rexmit_rto_commit
 .text.tcp_rexmit_rto
                0x000000000800bb0c       0x34 ./Middlewares/Third_Party/LwIP/src/core/tcp_out.o
                0x000000000800bb0c                tcp_rexmit_rto
 .text.tcp_keepalive
                0x000000000800bb40       0x50 ./Middlewares/Third_Party/LwIP/src/core/tcp_out.o
                0x000000000800bb40                tcp_keepalive
 .text.tcp_zero_window_probe
                0x000000000800bb90       0xc8 ./Middlewares/Third_Party/LwIP/src/core/tcp_out.o
                0x000000000800bb90                tcp_zero_window_probe
 .text.sys_timeout_abs
                0x000000000800bc58       0x64 ./Middlewares/Third_Party/LwIP/src/core/timeouts.o
 .text.lwip_cyclic_timer
                0x000000000800bcbc       0x34 ./Middlewares/Third_Party/LwIP/src/core/timeouts.o
 .text.sys_timeout
                0x000000000800bcf0       0x3c ./Middlewares/Third_Party/LwIP/src/core/timeouts.o
                0x000000000800bcf0                sys_timeout
 .text.tcp_timer_needed
                0x000000000800bd2c       0x34 ./Middlewares/Third_Party/LwIP/src/core/timeouts.o
                0x000000000800bd2c                tcp_timer_needed
 .text.tcpip_tcp_timer
                0x000000000800bd60       0x38 ./Middlewares/Third_Party/LwIP/src/core/timeouts.o
 .text.sys_timeouts_init
                0x000000000800bd98       0x2c ./Middlewares/Third_Party/LwIP/src/core/timeouts.o
                0x000000000800bd98                sys_timeouts_init
 .text.sys_check_timeouts
                0x000000000800bdc4       0x44 ./Middlewares/Third_Party/LwIP/src/core/timeouts.o
                0x000000000800bdc4                sys_check_timeouts
 .text.sys_timeouts_sleeptime
                0x000000000800be08       0x24 ./Middlewares/Third_Party/LwIP/src/core/timeouts.o
                0x000000000800be08                sys_timeouts_sleeptime
 .text.udp_init
                0x000000000800be2c       0x18 ./Middlewares/Third_Party/LwIP/src/core/udp.o
                0x000000000800be2c                udp_init
 .text.udp_input
                0x000000000800be44      0x1b0 ./Middlewares/Third_Party/LwIP/src/core/udp.o
                0x000000000800be44                udp_input
 .text.udp_bind
                0x000000000800bff4       0xc0 ./Middlewares/Third_Party/LwIP/src/core/udp.o
                0x000000000800bff4                udp_bind
 .text.udp_sendto_if_src
                0x000000000800c0b4      0x130 ./Middlewares/Third_Party/LwIP/src/core/udp.o
                0x000000000800c0b4                udp_sendto_if_src
 .text.udp_sendto_if
                0x000000000800c1e4       0x80 ./Middlewares/Third_Party/LwIP/src/core/udp.o
                0x000000000800c1e4                udp_sendto_if
 .text.udp_sendto
                0x000000000800c264       0x78 ./Middlewares/Third_Party/LwIP/src/core/udp.o
                0x000000000800c264                udp_sendto
 .text.udp_send
                0x000000000800c2dc       0x44 ./Middlewares/Third_Party/LwIP/src/core/udp.o
                0x000000000800c2dc                udp_send
 .text.udp_connect
                0x000000000800c320       0x78 ./Middlewares/Third_Party/LwIP/src/core/udp.o
                0x000000000800c320                udp_connect
 .text.udp_disconnect
                0x000000000800c398       0x30 ./Middlewares/Third_Party/LwIP/src/core/udp.o
                0x000000000800c398                udp_disconnect
 .text.udp_recv
                0x000000000800c3c8       0x24 ./Middlewares/Third_Party/LwIP/src/core/udp.o
                0x000000000800c3c8                udp_recv
 .text.udp_remove
                0x000000000800c3ec       0x4c ./Middlewares/Third_Party/LwIP/src/core/udp.o
                0x000000000800c3ec                udp_remove
 .text.udp_new  0x000000000800c438       0x1c ./Middlewares/Third_Party/LwIP/src/core/udp.o
                0x000000000800c438                udp_new
 .text.udp_new_ip_type
                0x000000000800c454        0x4 ./Middlewares/Third_Party/LwIP/src/core/udp.o
                0x000000000800c454                udp_new_ip_type
 .text.udp_netif_ip_addr_changed
                0x000000000800c458       0x2c ./Middlewares/Third_Party/LwIP/src/core/udp.o
                0x000000000800c458                udp_netif_ip_addr_changed
 .text.etharp_free_entry
                0x000000000800c484       0x28 ./Middlewares/Third_Party/LwIP/src/core/ipv4/etharp.o
 .text.etharp_find_entry
                0x000000000800c4ac      0x128 ./Middlewares/Third_Party/LwIP/src/core/ipv4/etharp.o
 .text.etharp_raw
                0x000000000800c5d4       0xdc ./Middlewares/Third_Party/LwIP/src/core/ipv4/etharp.o
 .text.etharp_cleanup_netif
                0x000000000800c6b0       0x28 ./Middlewares/Third_Party/LwIP/src/core/ipv4/etharp.o
                0x000000000800c6b0                etharp_cleanup_netif
 .text.etharp_input
                0x000000000800c6d8      0x144 ./Middlewares/Third_Party/LwIP/src/core/ipv4/etharp.o
                0x000000000800c6d8                etharp_input
 .text.etharp_request
                0x000000000800c81c       0x2c ./Middlewares/Third_Party/LwIP/src/core/ipv4/etharp.o
                0x000000000800c81c                etharp_request
 .text.etharp_tmr
                0x000000000800c848       0x54 ./Middlewares/Third_Party/LwIP/src/core/ipv4/etharp.o
                0x000000000800c848                etharp_tmr
 .text.etharp_output_to_arp_index
                0x000000000800c89c       0xac ./Middlewares/Third_Party/LwIP/src/core/ipv4/etharp.o
 .text.etharp_query
                0x000000000800c948      0x134 ./Middlewares/Third_Party/LwIP/src/core/ipv4/etharp.o
                0x000000000800c948                etharp_query
 .text.etharp_output
                0x000000000800ca7c      0x13c ./Middlewares/Third_Party/LwIP/src/core/ipv4/etharp.o
                0x000000000800ca7c                etharp_output
 .text.icmp_send_response
                0x000000000800cbb8       0x90 ./Middlewares/Third_Party/LwIP/src/core/ipv4/icmp.o
 .text.icmp_input
                0x000000000800cc48      0x12c ./Middlewares/Third_Party/LwIP/src/core/ipv4/icmp.o
                0x000000000800cc48                icmp_input
 .text.icmp_dest_unreach
                0x000000000800cd74        0x8 ./Middlewares/Third_Party/LwIP/src/core/ipv4/icmp.o
                0x000000000800cd74                icmp_dest_unreach
 .text.icmp_time_exceeded
                0x000000000800cd7c        0x8 ./Middlewares/Third_Party/LwIP/src/core/ipv4/icmp.o
                0x000000000800cd7c                icmp_time_exceeded
 .text.ip4_input_accept
                0x000000000800cd84       0x34 ./Middlewares/Third_Party/LwIP/src/core/ipv4/ip4.o
 .text.ip4_route
                0x000000000800cdb8       0x5c ./Middlewares/Third_Party/LwIP/src/core/ipv4/ip4.o
                0x000000000800cdb8                ip4_route
 .text.ip4_input
                0x000000000800ce14      0x168 ./Middlewares/Third_Party/LwIP/src/core/ipv4/ip4.o
                0x000000000800ce14                ip4_input
 .text.ip4_output_if_src
                0x000000000800cf7c       0xf8 ./Middlewares/Third_Party/LwIP/src/core/ipv4/ip4.o
                0x000000000800cf7c                ip4_output_if_src
 .text.ip4_output_if
                0x000000000800d074       0x22 ./Middlewares/Third_Party/LwIP/src/core/ipv4/ip4.o
                0x000000000800d074                ip4_output_if
 .text.ip4_addr_isbroadcast_u32
                0x000000000800d096       0x36 ./Middlewares/Third_Party/LwIP/src/core/ipv4/ip4_addr.o
                0x000000000800d096                ip4_addr_isbroadcast_u32
 .text.ip4addr_aton
                0x000000000800d0cc      0x138 ./Middlewares/Third_Party/LwIP/src/core/ipv4/ip4_addr.o
                0x000000000800d0cc                ip4addr_aton
 .text.ip_reass_dequeue_datagram
                0x000000000800d204       0x44 ./Middlewares/Third_Party/LwIP/src/core/ipv4/ip4_frag.o
 .text.ip_reass_free_complete_datagram
                0x000000000800d248       0xe8 ./Middlewares/Third_Party/LwIP/src/core/ipv4/ip4_frag.o
 .text.ip_reass_remove_oldest_datagram
                0x000000000800d330       0x78 ./Middlewares/Third_Party/LwIP/src/core/ipv4/ip4_frag.o
 .text.ip_frag_free_pbuf_custom_ref
                0x000000000800d3a8       0x2c ./Middlewares/Third_Party/LwIP/src/core/ipv4/ip4_frag.o
 .text.ipfrag_free_pbuf_custom
                0x000000000800d3d4       0x34 ./Middlewares/Third_Party/LwIP/src/core/ipv4/ip4_frag.o
 .text.ip_reass_tmr
                0x000000000800d408       0x2c ./Middlewares/Third_Party/LwIP/src/core/ipv4/ip4_frag.o
                0x000000000800d408                ip_reass_tmr
 .text.ip4_reass
                0x000000000800d434      0x3b0 ./Middlewares/Third_Party/LwIP/src/core/ipv4/ip4_frag.o
                0x000000000800d434                ip4_reass
 .text.ip4_frag
                0x000000000800d7e4      0x1d8 ./Middlewares/Third_Party/LwIP/src/core/ipv4/ip4_frag.o
                0x000000000800d7e4                ip4_frag
 .text.ethernet_input
                0x000000000800d9bc       0xa0 ./Middlewares/Third_Party/LwIP/src/netif/ethernet.o
                0x000000000800d9bc                ethernet_input
 .text.ethernet_output